Archive member included to satisfy reference by file (symbol)

app/libapp.a(main.c.obj)      (--whole-archive)
zephyr/libzephyr.a(heap.c.obj)
                              (--whole-archive)
zephyr/libzephyr.a(cbprintf_packaged.c.obj)
                              (--whole-archive)
zephyr/libzephyr.a(printk.c.obj)
                              (--whole-archive)
zephyr/libzephyr.a(sem.c.obj)
                              (--whole-archive)
zephyr/libzephyr.a(thread_entry.c.obj)
                              (--whole-archive)
zephyr/libzephyr.a(cbprintf_complete.c.obj)
                              (--whole-archive)
zephyr/libzephyr.a(assert.c.obj)
                              (--whole-archive)
zephyr/libzephyr.a(mpsc_pbuf.c.obj)
                              (--whole-archive)
zephyr/libzephyr.a(dec.c.obj)
                              (--whole-archive)
zephyr/libzephyr.a(hex.c.obj)
                              (--whole-archive)
zephyr/libzephyr.a(rb.c.obj)  (--whole-archive)
zephyr/libzephyr.a(timeutil.c.obj)
                              (--whole-archive)
zephyr/libzephyr.a(bitarray.c.obj)
                              (--whole-archive)
zephyr/libzephyr.a(configs.c.obj)
                              (--whole-archive)
zephyr/libzephyr.a(log_core.c.obj)
                              (--whole-archive)
zephyr/libzephyr.a(log_mgmt.c.obj)
                              (--whole-archive)
zephyr/libzephyr.a(log_cache.c.obj)
                              (--whole-archive)
zephyr/libzephyr.a(log_msg.c.obj)
                              (--whole-archive)
zephyr/libzephyr.a(log_output.c.obj)
                              (--whole-archive)
zephyr/libzephyr.a(log_backend_uart.c.obj)
                              (--whole-archive)
zephyr/libzephyr.a(tracing_none.c.obj)
                              (--whole-archive)
zephyr/arch/common/libarch__common.a(sw_isr_common.c.obj)
                              (--whole-archive)
zephyr/arch/arch/arm/core/libarch__arm__core.a(fatal.c.obj)
                              (--whole-archive)
zephyr/arch/arch/arm/core/libarch__arm__core.a(nmi.c.obj)
                              (--whole-archive)
zephyr/arch/arch/arm/core/libarch__arm__core.a(nmi_on_reset.S.obj)
                              (--whole-archive)
zephyr/arch/arch/arm/core/libarch__arm__core.a(tls.c.obj)
                              (--whole-archive)
zephyr/arch/arch/arm/core/cortex_m/libarch__arm__core__cortex_m.a(exc_exit.S.obj)
                              (--whole-archive)
zephyr/arch/arch/arm/core/cortex_m/libarch__arm__core__cortex_m.a(fault.c.obj)
                              (--whole-archive)
zephyr/arch/arch/arm/core/cortex_m/libarch__arm__core__cortex_m.a(fault_s.S.obj)
                              (--whole-archive)
zephyr/arch/arch/arm/core/cortex_m/libarch__arm__core__cortex_m.a(fpu.c.obj)
                              (--whole-archive)
zephyr/arch/arch/arm/core/cortex_m/libarch__arm__core__cortex_m.a(reset.S.obj)
                              (--whole-archive)
zephyr/arch/arch/arm/core/cortex_m/libarch__arm__core__cortex_m.a(scb.c.obj)
                              (--whole-archive)
zephyr/arch/arch/arm/core/cortex_m/libarch__arm__core__cortex_m.a(thread_abort.c.obj)
                              (--whole-archive)
zephyr/arch/arch/arm/core/cortex_m/libarch__arm__core__cortex_m.a(vector_table.S.obj)
                              (--whole-archive)
zephyr/arch/arch/arm/core/cortex_m/libarch__arm__core__cortex_m.a(swap.c.obj)
                              (--whole-archive)
zephyr/arch/arch/arm/core/cortex_m/libarch__arm__core__cortex_m.a(swap_helper.S.obj)
                              (--whole-archive)
zephyr/arch/arch/arm/core/cortex_m/libarch__arm__core__cortex_m.a(irq_manage.c.obj)
                              (--whole-archive)
zephyr/arch/arch/arm/core/cortex_m/libarch__arm__core__cortex_m.a(prep_c.c.obj)
                              (--whole-archive)
zephyr/arch/arch/arm/core/cortex_m/libarch__arm__core__cortex_m.a(thread.c.obj)
                              (--whole-archive)
zephyr/arch/arch/arm/core/cortex_m/libarch__arm__core__cortex_m.a(cpu_idle.S.obj)
                              (--whole-archive)
zephyr/arch/arch/arm/core/cortex_m/libarch__arm__core__cortex_m.a(irq_init.c.obj)
                              (--whole-archive)
zephyr/arch/arch/arm/core/cortex_m/libarch__arm__core__cortex_m.a(isr_wrapper.S.obj)
                              (--whole-archive)
zephyr/arch/arch/arm/core/cortex_m/libarch__arm__core__cortex_m.a(__aeabi_read_tp.S.obj)
                              (--whole-archive)
zephyr/lib/libc/picolibc/liblib__libc__picolibc.a(libc-hooks.c.obj)
                              (--whole-archive)
zephyr/lib/libc/common/liblib__libc__common.a(abort.c.obj)
                              (--whole-archive)
zephyr/lib/libc/common/liblib__libc__common.a(malloc.c.obj)
                              (--whole-archive)
zephyr/soc/soc/arm/rpi_pico/rp2/libsoc__arm__rpi_pico__rp2.a(soc.c.obj)
[...]
Memory Configuration

Name             Origin             Length             Attributes
BOOT_FLASH       0x0000000010000000 0x0000000000000100 r
FLASH            0x0000000010000100 0x00000000001fff00 xr
RAM              0x0000000020000000 0x0000000000042000 xw
IDT_LIST         0x00000000ffff7fff 0x0000000000008000 xw
*default*        0x0000000000000000 0xffffffffffffffff

Linker script and memory map

                0x0000000010004228                vfprintf = __l_vfprintf
                0x0000000000000000                vfscanf = __l_vfscanf
LOAD zephyr/CMakeFiles/zephyr_pre0.dir/misc/empty_file.c.obj
LOAD zephyr/CMakeFiles/offsets.dir/./arch/arm/core/offsets/offsets.c.obj
LOAD app/libapp.a
LOAD zephyr/libzephyr.a
LOAD zephyr/arch/common/libarch__common.a
LOAD zephyr/arch/arch/arm/core/libarch__arm__core.a
LOAD zephyr/arch/arch/arm/core/cortex_m/libarch__arm__core__cortex_m.a
LOAD zephyr/lib/libc/picolibc/liblib__libc__picolibc.a
LOAD zephyr/lib/libc/common/liblib__libc__common.a
LOAD zephyr/soc/soc/arm/rpi_pico/rp2/libsoc__arm__rpi_pico__rp2.a
LOAD zephyr/drivers/clock_control/libdrivers__clock_control.a
LOAD zephyr/drivers/console/libdrivers__console.a
LOAD zephyr/drivers/gpio/libdrivers__gpio.a
LOAD zephyr/drivers/pinctrl/libdrivers__pinctrl.a
LOAD zephyr/drivers/reset/libdrivers__reset.a
LOAD zephyr/drivers/serial/libdrivers__serial.a
LOAD zephyr/drivers/timer/libdrivers__timer.a
LOAD modules/hal_rpi_pico/libmodules__hal_rpi_pico.a
LOAD zephyr/kernel/libkernel.a
LOAD /opt/zephyr-sdk-0.16.5/arm-zephyr-eabi/bin/../lib/gcc/arm-zephyr-eabi/12.2.0/thumb/v6-m/nofp/libgcc.a
LOAD zephyr/arch/common/libisr_tables.a
LOAD /opt/zephyr-sdk-0.16.5/arm-zephyr-eabi/bin/../lib/gcc/../../picolibc/arm-zephyr-eabi/lib/thumb/v6-m/nofp/libc.a
LOAD /opt/zephyr-sdk-0.16.5/arm-zephyr-eabi/bin/../lib/gcc/arm-zephyr-eabi/12.2.0/thumb/v6-m/nofp/libgcc.a

.boot2          0x0000000010000000      0x100
 *(SORT_BY_ALIGNMENT(.boot2))
 .boot2         0x0000000010000000      0x100 modules/hal_rpi_pico/libmodules__hal_rpi_pico.a(boot_stage2.S.obj)
                0x0000000000000004                _region_min_align = 0x4

.rel.plt        0x0000000010000100        0x0
 *(SORT_BY_ALIGNMENT(.rel.plt))
                [!provide]                        PROVIDE (__rel_iplt_start = .)
 *(SORT_BY_ALIGNMENT(.rel.iplt))
 .rel.iplt      0x0000000010000100        0x0 app/libapp.a(main.c.obj)
                [!provide]                        PROVIDE (__rel_iplt_end = .)

.rela.plt       0x0000000010000100        0x0
 *(SORT_BY_ALIGNMENT(.rela.plt))
                [!provide]                        PROVIDE (__rela_iplt_start = .)
 *(SORT_BY_ALIGNMENT(.rela.iplt))
                [!provide]                        PROVIDE (__rela_iplt_end = .)

.rel.dyn
 *(SORT_BY_ALIGNMENT(.rel.*))

.rela.dyn
 *(SORT_BY_ALIGNMENT(.rela.*))

/DISCARD/
 *(SORT_BY_ALIGNMENT(.plt))

/DISCARD/
 *(SORT_BY_ALIGNMENT(.iplt))
                0x0000000010000100                __rom_region_start = 0x10000100

rom_start       0x0000000010000100       0xa8
                0x0000000010000100                __rom_start_address = .
 FILL mask 0x00
                0x0000000010000100                . = (. + (0x0 - (. - __rom_start_address)))
                0x0000000010000100                . = ALIGN (0x4)
                0x0000000010000100                . = ALIGN (0x100)
                0x0000000010000100                . = ALIGN (0x100)
                0x0000000010000100                _vector_start = .
 *(SORT_BY_ALIGNMENT(.exc_vector_table))
 *(SORT_BY_ALIGNMENT(.exc_vector_table.*))
 .exc_vector_table._vector_table_section
                0x0000000010000100       0x40 zephyr/arch/arch/arm/core/cortex_m/libarch__arm__core__cortex_m.a(vector_table.S.obj)
                0x0000000010000100                _vector_table
 *(SORT_BY_ALIGNMENT(.vectors))
                0x00000000100001a8                _vector_end = .
                0x0000000010000140                . = ALIGN (0x4)
 *(SORT_BY_ALIGNMENT(.gnu.linkonce.irq_vector_table*))
 .gnu.linkonce.irq_vector_table
                0x0000000010000140       0x68 zephyr/arch/common/libisr_tables.a(isr_tables.c.obj)
                0x0000000010000140                _irq_vector_table
                0x00000000100001a8                _vector_end = .

text            0x00000000100001a8     0x5a8c
                0x00000000100001a8                __text_region_start = .
 *(SORT_BY_ALIGNMENT(.text))
 .text          0x00000000100001a8       0x14 /opt/zephyr-sdk-0.16.5/arm-zephyr-eabi/bin/../lib/gcc/arm-zephyr-eabi/12.2.0/thumb/v6-m/nofp/libgcc.a(_thumb1_case_sqi.o)
                0x00000000100001a8                __gnu_thumb1_case_sqi
 .text          0x00000000100001bc       0x14 /opt/zephyr-sdk-0.16.5/arm-zephyr-eabi/bin/../lib/gcc/arm-zephyr-eabi/12.2.0/thumb/v6-m/nofp/libgcc.a(_thumb1_case_uqi.o)
                0x00000000100001bc                __gnu_thumb1_case_uqi
 .text          0x00000000100001d0       0x8c /opt/zephyr-sdk-0.16.5/arm-zephyr-eabi/bin/../lib/gcc/arm-zephyr-eabi/12.2.0/thumb/v6-m/nofp/libgcc.a(_udivsi3.o)
                0x00000000100001d0                __udivsi3
                0x00000000100001d0                __aeabi_uidiv
                0x0000000010000248                __aeabi_uidivmod
 .text          0x000000001000025c       0xa8 /opt/zephyr-sdk-0.16.5/arm-zephyr-eabi/bin/../lib/gcc/arm-zephyr-eabi/12.2.0/thumb/v6-m/nofp/libgcc.a(_divsi3.o)
                0x000000001000025c                __aeabi_idiv
                0x000000001000025c                __divsi3
                0x00000000100002f0                __aeabi_idivmod
 .text          0x0000000010000304        0x4 /opt/zephyr-sdk-0.16.5/arm-zephyr-eabi/bin/../lib/gcc/arm-zephyr-eabi/12.2.0/thumb/v6-m/nofp/libgcc.a(_dvmd_tls.o)
                0x0000000010000304                __aeabi_ldiv0
                0x0000000010000304                __aeabi_idiv0
 .text          0x0000000010000308       0x3c /opt/zephyr-sdk-0.16.5/arm-zephyr-eabi/bin/../lib/gcc/arm-zephyr-eabi/12.2.0/thumb/v6-m/nofp/libgcc.a(_clzsi2.o)
                0x0000000010000308                __clzsi2
 .text          0x0000000010000344       0x40 /opt/zephyr-sdk-0.16.5/arm-zephyr-eabi/bin/../lib/gcc/arm-zephyr-eabi/12.2.0/thumb/v6-m/nofp/libgcc.a(_ctzsi2.o)
                0x0000000010000344                __ctzsi2
 .text          0x0000000010000384       0x40 /opt/zephyr-sdk-0.16.5/arm-zephyr-eabi/bin/../lib/gcc/arm-zephyr-eabi/12.2.0/thumb/v6-m/nofp/libgcc.a(_aeabi_uldivmod.o)
                0x0000000010000384                __aeabi_uldivmod
 .text          0x00000000100003c4      0x2e8 /opt/zephyr-sdk-0.16.5/arm-zephyr-eabi/bin/../lib/gcc/arm-zephyr-eabi/12.2.0/thumb/v6-m/nofp/libgcc.a(addsf3.o)
                0x00000000100003c4                __aeabi_fadd
 .text          0x00000000100006ac      0x1c4 /opt/zephyr-sdk-0.16.5/arm-zephyr-eabi/bin/../lib/gcc/arm-zephyr-eabi/12.2.0/thumb/v6-m/nofp/libgcc.a(divsf3.o)
                0x00000000100006ac                __aeabi_fdiv
 .text          0x0000000010000870      0x1ec /opt/zephyr-sdk-0.16.5/arm-zephyr-eabi/bin/../lib/gcc/arm-zephyr-eabi/12.2.0/thumb/v6-m/nofp/libgcc.a(mulsf3.o)
                0x0000000010000870                __aeabi_fmul
 .text          0x0000000010000a5c       0x3c /opt/zephyr-sdk-0.16.5/arm-zephyr-eabi/bin/../lib/gcc/arm-zephyr-eabi/12.2.0/thumb/v6-m/nofp/libgcc.a(fixsfsi.o)
                0x0000000010000a5c                __aeabi_f2iz
 .text          0x0000000010000a98       0x78 /opt/zephyr-sdk-0.16.5/arm-zephyr-eabi/bin/../lib/gcc/arm-zephyr-eabi/12.2.0/thumb/v6-m/nofp/libgcc.a(floatunsisf.o)
                0x0000000010000a98                __aeabi_ui2f
 .text          0x0000000010000b10       0x18 /opt/zephyr-sdk-0.16.5/arm-zephyr-eabi/bin/../lib/gcc/arm-zephyr-eabi/12.2.0/thumb/v6-m/nofp/libgcc.a(_lshrdi3.o)
                0x0000000010000b10                __aeabi_llsr
                0x0000000010000b10                __lshrdi3
 .text          0x0000000010000b28       0x18 /opt/zephyr-sdk-0.16.5/arm-zephyr-eabi/bin/../lib/gcc/arm-zephyr-eabi/12.2.0/thumb/v6-m/nofp/libgcc.a(_ashldi3.o)
                0x0000000010000b28                __ashldi3
                0x0000000010000b28                __aeabi_llsl
 .text          0x0000000010000b40       0x18 /opt/zephyr-sdk-0.16.5/arm-zephyr-eabi/bin/../lib/gcc/arm-zephyr-eabi/12.2.0/thumb/v6-m/nofp/libgcc.a(_clzdi2.o)
                0x0000000010000b40                __clzdi2
 .text          0x0000000010000b58       0x44 /opt/zephyr-sdk-0.16.5/arm-zephyr-eabi/bin/../lib/gcc/arm-zephyr-eabi/12.2.0/thumb/v6-m/nofp/libgcc.a(_muldi3.o)
                0x0000000010000b58                __aeabi_lmul
                0x0000000010000b58                __muldi3
 .text          0x0000000010000b9c       0xde /opt/zephyr-sdk-0.16.5/arm-zephyr-eabi/bin/../lib/gcc/arm-zephyr-eabi/12.2.0/thumb/v6-m/nofp/libgcc.a(_udivmoddi4.o)
                0x0000000010000b9c                __udivmoddi4
 .text          0x0000000010000c7a        0xe /opt/zephyr-sdk-0.16.5/arm-zephyr-eabi/bin/../lib/gcc/../../picolibc/arm-zephyr-eabi/lib/thumb/v6-m/nofp/libc.a(strlen.S.o)
                0x0000000010000c7a                strlen
 *(SORT_BY_ALIGNMENT(.text.*))
 .text.fill_buffer_argb8888
                0x0000000010000c88       0x38 app/libapp.a(main.c.obj)
 .text.fill_buffer_rgb888
                0x0000000010000cc0       0x44 app/libapp.a(main.c.obj)
 .text.display_write.constprop.0.isra.0
                0x0000000010000d04       0x1c app/libapp.a(main.c.obj)
 .text.main     0x0000000010000d20      0x298 app/libapp.a(main.c.obj)
                0x0000000010000d20                main
 .text.cbvprintf_package
                0x0000000010000fb8      0x3c4 zephyr/libzephyr.a(cbprintf_packaged.c.obj)
                0x0000000010000fb8                cbvprintf_package
 .text.cbprintf_package_convert
                0x000000001000137c      0x420 zephyr/libzephyr.a(cbprintf_packaged.c.obj)
                0x000000001000137c                cbprintf_package_convert
 .text.__printk_hook_install
                0x000000001000179c        0xc zephyr/libzephyr.a(printk.c.obj)
                0x000000001000179c                __printk_hook_install
 .text.z_thread_entry
                0x00000000100017a8       0x30 zephyr/libzephyr.a(thread_entry.c.obj)
                0x00000000100017a8                z_thread_entry
 .text.activate_foreach_backend
                0x00000000100017d8       0x58 zephyr/libzephyr.a(log_core.c.obj)
 .text.enable_logger
                0x0000000010001830       0x5c zephyr/libzephyr.a(log_core.c.obj)
 .text.log_process_thread_timer_expiry_fn
                0x000000001000188c       0x10 zephyr/libzephyr.a(log_core.c.obj)
 .text.z_log_init
                0x000000001000189c       0x8c zephyr/libzephyr.a(log_core.c.obj)
 .text.log_format_func_t_get
                0x0000000010001928        0xc zephyr/libzephyr.a(log_core.c.obj)
                0x0000000010001928                log_format_func_t_get
 .text.log_set_timestamp_func
                0x0000000010001934       0x20 zephyr/libzephyr.a(log_core.c.obj)
                0x0000000010001934                log_set_timestamp_func
 .text.z_log_notify_backend_enabled
                0x0000000010001954       0x20 zephyr/libzephyr.a(log_core.c.obj)
                0x0000000010001954                z_log_notify_backend_enabled
 .text.z_log_dropped
                0x0000000010001974       0x20 zephyr/libzephyr.a(log_core.c.obj)
                0x0000000010001974                z_log_dropped
 .text.z_log_dropped_read_and_clear
                0x0000000010001994       0x10 zephyr/libzephyr.a(log_core.c.obj)
                0x0000000010001994                z_log_dropped_read_and_clear
 .text.dropped_notify
                0x00000000100019a4       0x34 zephyr/libzephyr.a(log_core.c.obj)
                0x00000000100019a4                dropped_notify
 .text.z_log_msg_init
                0x00000000100019d8       0x20 zephyr/libzephyr.a(log_core.c.obj)
                0x00000000100019d8                z_log_msg_init
 .text.log_core_init
                0x00000000100019f8       0x30 zephyr/libzephyr.a(log_core.c.obj)
                0x00000000100019f8                log_core_init
 .text.z_log_msg_alloc
                0x0000000010001a28       0x18 zephyr/libzephyr.a(log_core.c.obj)
                0x0000000010001a28                z_log_msg_alloc
 .text.z_log_msg_local_claim
                0x0000000010001a40       0x10 zephyr/libzephyr.a(log_core.c.obj)
                0x0000000010001a40                z_log_msg_local_claim
 .text.z_log_msg_free
                0x0000000010001a50       0x14 zephyr/libzephyr.a(log_core.c.obj)
                0x0000000010001a50                z_log_msg_free
 .text.z_log_msg_pending
                0x0000000010001a64       0x10 zephyr/libzephyr.a(log_core.c.obj)
                0x0000000010001a64                z_log_msg_pending
 .text.z_impl_log_process
                0x0000000010001a74       0x9c zephyr/libzephyr.a(log_core.c.obj)
                0x0000000010001a74                z_impl_log_process
 .text.z_impl_log_panic
                0x0000000010001b10       0x48 zephyr/libzephyr.a(log_core.c.obj)
                0x0000000010001b10                z_impl_log_panic
 .text.log_process_thread_func
                0x0000000010001b58       0xa4 zephyr/libzephyr.a(log_core.c.obj)
 .text.z_log_msg_post_finalize
                0x0000000010001bfc       0x70 zephyr/libzephyr.a(log_core.c.obj)
 .text.z_log_msg_commit
                0x0000000010001c6c       0x24 zephyr/libzephyr.a(log_core.c.obj)
                0x0000000010001c6c                z_log_msg_commit
 .text.log_source_name_get
                0x0000000010001c90       0x1c zephyr/libzephyr.a(log_mgmt.c.obj)
                0x0000000010001c90                log_source_name_get
 .text.log_backend_enable
                0x0000000010001cac       0x28 zephyr/libzephyr.a(log_mgmt.c.obj)
                0x0000000010001cac                log_backend_enable
 .text.z_log_msg_simple_create
                0x0000000010001cd4       0x70 zephyr/libzephyr.a(log_msg.c.obj)
 .text.z_impl_z_log_msg_static_create
                0x0000000010001d44      0x130 zephyr/libzephyr.a(log_msg.c.obj)
                0x0000000010001d44                z_impl_z_log_msg_static_create
 .text.z_log_msg_runtime_vcreate
                0x0000000010001e74       0x84 zephyr/libzephyr.a(log_msg.c.obj)
                0x0000000010001e74                z_log_msg_runtime_vcreate
 .text.print_formatted
                0x0000000010001ef8       0x20 zephyr/libzephyr.a(log_output.c.obj)
 .text.newline_print
                0x0000000010001f18       0x20 zephyr/libzephyr.a(log_output.c.obj)
 .text.log_output_process
                0x0000000010001f38      0x2cc zephyr/libzephyr.a(log_output.c.obj)
                0x0000000010001f38                log_output_process
 .text.log_output_msg_process
                0x0000000010002204       0x6c zephyr/libzephyr.a(log_output.c.obj)
                0x0000000010002204                log_output_msg_process
 .text.log_output_dropped_process
                0x0000000010002270       0x58 zephyr/libzephyr.a(log_output.c.obj)
                0x0000000010002270                log_output_dropped_process
 .text.log_output_timestamp_freq_set
                0x00000000100022c8       0x34 zephyr/libzephyr.a(log_output.c.obj)
                0x00000000100022c8                log_output_timestamp_freq_set
 .text.char_out
                0x00000000100022fc       0x24 zephyr/libzephyr.a(log_backend_uart.c.obj)
 .text.z_arm_fatal_error
                0x0000000010002320       0x9c zephyr/arch/arch/arm/core/libarch__arm__core.a(fatal.c.obj)
                0x0000000010002320                z_arm_fatal_error
 .text.z_SysNmiOnReset
                0x00000000100023bc        0x4 zephyr/arch/arch/arm/core/libarch__arm__core.a(nmi_on_reset.S.obj)
                0x00000000100023bc                z_SysNmiOnReset
 .text.arch_tls_stack_setup
                0x00000000100023c0       0x68 zephyr/arch/arch/arm/core/libarch__arm__core.a(tls.c.obj)
                0x00000000100023c0                arch_tls_stack_setup
 .text._HandlerModeExit
                0x0000000010002428       0x20 zephyr/arch/arch/arm/core/cortex_m/libarch__arm__core__cortex_m.a(exc_exit.S.obj)
                0x0000000010002428                z_arm_exc_exit
                0x0000000010002428                z_arm_int_exit
 .text.z_arm_fault
                0x0000000010002448      0x138 zephyr/arch/arch/arm/core/cortex_m/libarch__arm__core__cortex_m.a(fault.c.obj)
                0x0000000010002448                z_arm_fault
 .text.__fault  0x0000000010002580       0x14 zephyr/arch/arch/arm/core/cortex_m/libarch__arm__core__cortex_m.a(fault_s.S.obj)
                0x0000000010002580                z_arm_exc_spurious
                0x0000000010002580                z_arm_hard_fault
 .text._reset_section
                0x0000000010002594       0x28 zephyr/arch/arch/arm/core/cortex_m/libarch__arm__core__cortex_m.a(reset.S.obj)
                0x0000000010002594                z_arm_reset
                0x0000000010002594                __start
 .text.z_impl_k_thread_abort
                0x00000000100025bc       0x38 zephyr/arch/arch/arm/core/cortex_m/libarch__arm__core__cortex_m.a(thread_abort.c.obj)
                0x00000000100025bc                z_impl_k_thread_abort
 .text.arch_swap
                0x00000000100025f4       0x2c zephyr/arch/arch/arm/core/cortex_m/libarch__arm__core__cortex_m.a(swap.c.obj)
                0x00000000100025f4                arch_swap
 .text.z_arm_pendsv
                0x0000000010002620       0x70 zephyr/arch/arch/arm/core/cortex_m/libarch__arm__core__cortex_m.a(swap_helper.S.obj)
                0x0000000010002620                z_arm_pendsv
 .text.z_arm_svc
                0x0000000010002690       0x24 zephyr/arch/arch/arm/core/cortex_m/libarch__arm__core__cortex_m.a(swap_helper.S.obj)
                0x0000000010002690                z_arm_svc
 .text.arch_irq_enable
                0x00000000100026b4       0x18 zephyr/arch/arch/arm/core/cortex_m/libarch__arm__core__cortex_m.a(irq_manage.c.obj)
                0x00000000100026b4                arch_irq_enable
 .text.z_arm_irq_priority_set
                0x00000000100026cc       0x54 zephyr/arch/arch/arm/core/cortex_m/libarch__arm__core__cortex_m.a(irq_manage.c.obj)
                0x00000000100026cc                z_arm_irq_priority_set
 .text.z_prep_c
                0x0000000010002720       0x2c zephyr/arch/arch/arm/core/cortex_m/libarch__arm__core__cortex_m.a(prep_c.c.obj)
                0x0000000010002720                z_prep_c
 .text.arch_new_thread
                0x000000001000274c       0x2c zephyr/arch/arch/arm/core/cortex_m/libarch__arm__core__cortex_m.a(thread.c.obj)
                0x000000001000274c                arch_new_thread
 .text.arch_switch_to_main_thread
                0x0000000010002778       0x28 zephyr/arch/arch/arm/core/cortex_m/libarch__arm__core__cortex_m.a(thread.c.obj)
                0x0000000010002778                arch_switch_to_main_thread
 .text.z_arm_cpu_idle_init
                0x00000000100027a0        0xc zephyr/arch/arch/arm/core/cortex_m/libarch__arm__core__cortex_m.a(cpu_idle.S.obj)
                0x00000000100027a0                z_arm_cpu_idle_init
 .text.arch_cpu_idle
                0x00000000100027ac       0x10 zephyr/arch/arch/arm/core/cortex_m/libarch__arm__core__cortex_m.a(cpu_idle.S.obj)
                0x00000000100027ac                arch_cpu_idle
 .text.z_arm_interrupt_init
                0x00000000100027bc       0x30 zephyr/arch/arch/arm/core/cortex_m/libarch__arm__core__cortex_m.a(irq_init.c.obj)
                0x00000000100027bc                z_arm_interrupt_init
 .text._isr_wrapper
                0x00000000100027ec       0x28 zephyr/arch/arch/arm/core/cortex_m/libarch__arm__core__cortex_m.a(isr_wrapper.S.obj)
                0x00000000100027ec                _isr_wrapper
 .text.z_impl_zephyr_fputc
                0x0000000010002814       0x10 zephyr/lib/libc/picolibc/liblib__libc__picolibc.a(libc-hooks.c.obj)
                0x0000000010002814                z_impl_zephyr_fputc
 .text.__stdout_hook_install
                0x0000000010002824       0x18 zephyr/lib/libc/picolibc/liblib__libc__picolibc.a(libc-hooks.c.obj)
                0x0000000010002824                __stdout_hook_install
 .text.cbvprintf
                0x000000001000283c       0x38 zephyr/lib/libc/picolibc/liblib__libc__picolibc.a(libc-hooks.c.obj)
                0x000000001000283c                cbvprintf
 .text.malloc_prepare
                0x0000000010002874       0x24 zephyr/lib/libc/common/liblib__libc__common.a(malloc.c.obj)
 .text.rpi_pico_rosc_write.constprop.0
                0x0000000010002898       0x30 zephyr/drivers/clock_control/libdrivers__clock_control.a(clock_control_rpi_pico.c.obj)
 .text.rpi_pico_get_clock_src.isra.0
                0x00000000100028c8       0x9c zephyr/drivers/clock_control/libdrivers__clock_control.a(clock_control_rpi_pico.c.obj)
 .text.rpi_pico_calc_clock_freq
                0x0000000010002964      0x110 zephyr/drivers/clock_control/libdrivers__clock_control.a(clock_control_rpi_pico.c.obj)
 .text.clock_control_rpi_pico_init
                0x0000000010002a74      0x1c0 zephyr/drivers/clock_control/libdrivers__clock_control.a(clock_control_rpi_pico.c.obj)
 .text.uart_console_init
                0x0000000010002c34       0x2c zephyr/drivers/console/libdrivers__console.a(uart_console.c.obj)
 .text.console_out
                0x0000000010002c60       0x28 zephyr/drivers/console/libdrivers__console.a(uart_console.c.obj)
 .text.gpio_rpi_isr
                0x0000000010002c88       0x64 zephyr/drivers/gpio/libdrivers__gpio.a(gpio_rpi_pico.c.obj)
 .text.uart_rpi_irq_err_disable
                0x0000000010002cec       0x14 zephyr/drivers/serial/libdrivers__serial.a(uart_rpi_pico.c.obj)
 .text.uart_rpi_set_baudrate.isra.0
                0x0000000010002d00       0x7c zephyr/drivers/serial/libdrivers__serial.a(uart_rpi_pico.c.obj)
 .text.uart_rpi_init
                0x0000000010002d7c       0xc4 zephyr/drivers/serial/libdrivers__serial.a(uart_rpi_pico.c.obj)
 .text.elapsed  0x0000000010002e40       0x54 zephyr/drivers/timer/libdrivers__timer.a(cortex_m_systick.c.obj)
 .text.sys_clock_driver_init
                0x0000000010002e94       0x40 zephyr/drivers/timer/libdrivers__timer.a(cortex_m_systick.c.obj)
 .text.sys_clock_isr
                0x0000000010002ed4       0x58 zephyr/drivers/timer/libdrivers__timer.a(cortex_m_systick.c.obj)
                0x0000000010002ed4                sys_clock_isr
 .text.sys_clock_set_timeout
                0x0000000010002f2c      0x118 zephyr/drivers/timer/libdrivers__timer.a(cortex_m_systick.c.obj)
                0x0000000010002f2c                sys_clock_set_timeout
 .text.sys_clock_elapsed
                0x0000000010003044       0x38 zephyr/drivers/timer/libdrivers__timer.a(cortex_m_systick.c.obj)
                0x0000000010003044                sys_clock_elapsed
 .text.clock_configure
                0x000000001000307c       0xe8 modules/hal_rpi_pico/libmodules__hal_rpi_pico.a(clocks.c.obj)
                0x000000001000307c                clock_configure
 .text.pll_init
                0x0000000010003164       0xcc modules/hal_rpi_pico/libmodules__hal_rpi_pico.a(pll.c.obj)
                0x0000000010003164                pll_init
 .text.xosc_init
                0x0000000010003230       0x28 modules/hal_rpi_pico/libmodules__hal_rpi_pico.a(xosc.c.obj)
                0x0000000010003230                xosc_init
 .text.gpio_set_function
                0x0000000010003258       0x2c modules/hal_rpi_pico/libmodules__hal_rpi_pico.a(gpio.c.obj)
                0x0000000010003258                gpio_set_function
 .text.gpio_set_pulls
                0x0000000010003284       0x24 modules/hal_rpi_pico/libmodules__hal_rpi_pico.a(gpio.c.obj)
                0x0000000010003284                gpio_set_pulls
 .text.gpio_set_input_hysteresis_enabled
                0x00000000100032a8       0x1c modules/hal_rpi_pico/libmodules__hal_rpi_pico.a(gpio.c.obj)
                0x00000000100032a8                gpio_set_input_hysteresis_enabled
 .text.gpio_set_slew_rate
                0x00000000100032c4       0x1c modules/hal_rpi_pico/libmodules__hal_rpi_pico.a(gpio.c.obj)
                0x00000000100032c4                gpio_set_slew_rate
 .text.gpio_set_drive_strength
                0x00000000100032e0       0x20 modules/hal_rpi_pico/libmodules__hal_rpi_pico.a(gpio.c.obj)
                0x00000000100032e0                gpio_set_drive_strength
 .text.gpio_acknowledge_irq
                0x0000000010003300       0x18 modules/hal_rpi_pico/libmodules__hal_rpi_pico.a(gpio.c.obj)
                0x0000000010003300                gpio_acknowledge_irq
 .text.gpio_set_irq_enabled
                0x0000000010003318       0x44 modules/hal_rpi_pico/libmodules__hal_rpi_pico.a(gpio.c.obj)
                0x0000000010003318                gpio_set_irq_enabled
 .text.gpio_set_input_enabled
                0x000000001000335c       0x1c modules/hal_rpi_pico/libmodules__hal_rpi_pico.a(gpio.c.obj)
                0x000000001000335c                gpio_set_input_enabled
 .text.k_sys_fatal_error_handler
                0x0000000010003378       0x20 zephyr/kernel/libkernel.a(fatal.c.obj)
                0x0000000010003378                k_sys_fatal_error_handler
 .text.z_fatal_error
                0x0000000010003398       0xf4 zephyr/kernel/libkernel.a(fatal.c.obj)
                0x0000000010003398                z_fatal_error
 .text.z_sys_init_run_level
                0x000000001000348c       0x54 zephyr/kernel/libkernel.a(init.c.obj)
 .text.bg_thread_main
                0x00000000100034e0       0x34 zephyr/kernel/libkernel.a(init.c.obj)
 .text.z_bss_zero
                0x0000000010003514       0x18 zephyr/kernel/libkernel.a(init.c.obj)
                0x0000000010003514                z_bss_zero
 .text.z_init_cpu
                0x000000001000352c       0x74 zephyr/kernel/libkernel.a(init.c.obj)
                0x000000001000352c                z_init_cpu
 .text.z_cstart
                0x00000000100035a0       0xb4 zephyr/kernel/libkernel.a(init.c.obj)
                0x00000000100035a0                z_cstart
 .text.z_setup_new_thread
                0x0000000010003654       0x70 zephyr/kernel/libkernel.a(thread.c.obj)
                0x0000000010003654                z_setup_new_thread
 .text.z_impl_k_thread_create
                0x00000000100036c4       0x58 zephyr/kernel/libkernel.a(thread.c.obj)
                0x00000000100036c4                z_impl_k_thread_create
 .text.z_init_static_threads
                0x000000001000371c       0x7c zephyr/kernel/libkernel.a(thread.c.obj)
                0x000000001000371c                z_init_static_threads
 .text.sliceable
                0x0000000010003798       0x40 zephyr/kernel/libkernel.a(sched.c.obj)
 .text.slice_timeout
                0x00000000100037d8       0x20 zephyr/kernel/libkernel.a(sched.c.obj)
 .text.z_reset_time_slice
                0x00000000100037f8       0x4c zephyr/kernel/libkernel.a(sched.c.obj)
                0x00000000100037f8                z_reset_time_slice
 .text.update_cache
                0x0000000010003844       0x44 zephyr/kernel/libkernel.a(sched.c.obj)
 .text.move_thread_to_end_of_prio_q
                0x0000000010003888       0x78 zephyr/kernel/libkernel.a(sched.c.obj)
 .text.ready_thread
                0x0000000010003900       0x6c zephyr/kernel/libkernel.a(sched.c.obj)
 .text.unready_thread
                0x000000001000396c       0x2c zephyr/kernel/libkernel.a(sched.c.obj)
 .text.pend_locked
                0x0000000010003998       0x2c zephyr/kernel/libkernel.a(sched.c.obj)
 .text.z_thread_halt
                0x00000000100039c4       0xa4 zephyr/kernel/libkernel.a(sched.c.obj)
 .text.z_time_slice
                0x0000000010003a68       0x58 zephyr/kernel/libkernel.a(sched.c.obj)
                0x0000000010003a68                z_time_slice
 .text.z_pend_curr
                0x0000000010003ac0       0x30 zephyr/kernel/libkernel.a(sched.c.obj)
                0x0000000010003ac0                z_pend_curr
 .text.z_reschedule
                0x0000000010003af0       0x2c zephyr/kernel/libkernel.a(sched.c.obj)
                0x0000000010003af0                z_reschedule
 .text.z_sched_start
                0x0000000010003b1c       0x34 zephyr/kernel/libkernel.a(sched.c.obj)
                0x0000000010003b1c                z_sched_start
 .text.z_reschedule_irqlock
                0x0000000010003b50       0x2c zephyr/kernel/libkernel.a(sched.c.obj)
                0x0000000010003b50                z_reschedule_irqlock
 .text.k_sched_lock
                0x0000000010003b7c       0x20 zephyr/kernel/libkernel.a(sched.c.obj)
                0x0000000010003b7c                k_sched_lock
 .text.k_sched_unlock
                0x0000000010003b9c       0x2c zephyr/kernel/libkernel.a(sched.c.obj)
                0x0000000010003b9c                k_sched_unlock
 .text.z_sched_init
                0x0000000010003bc8       0x14 zephyr/kernel/libkernel.a(sched.c.obj)
                0x0000000010003bc8                z_sched_init
 .text.z_impl_k_yield
                0x0000000010003bdc       0x78 zephyr/kernel/libkernel.a(sched.c.obj)
                0x0000000010003bdc                z_impl_k_yield
 .text.z_tick_sleep
                0x0000000010003c54       0x8c zephyr/kernel/libkernel.a(sched.c.obj)
 .text.z_impl_k_sleep
                0x0000000010003ce0       0x3c zephyr/kernel/libkernel.a(sched.c.obj)
                0x0000000010003ce0                z_impl_k_sleep
 .text.z_impl_k_sched_current_thread_query
                0x0000000010003d1c        0xc zephyr/kernel/libkernel.a(sched.c.obj)
                0x0000000010003d1c                z_impl_k_sched_current_thread_query
 .text.z_impl_k_sem_give
                0x0000000010003d28       0x44 zephyr/kernel/libkernel.a(sem.c.obj)
                0x0000000010003d28                z_impl_k_sem_give
 .text.z_impl_k_sem_take
                0x0000000010003d6c       0x4c zephyr/kernel/libkernel.a(sem.c.obj)
                0x0000000010003d6c                z_impl_k_sem_take
 .text.z_data_copy
                0x0000000010003db8       0x34 zephyr/kernel/libkernel.a(xip.c.obj)
                0x0000000010003db8                z_data_copy
 .text.elapsed  0x0000000010003dec       0x18 zephyr/kernel/libkernel.a(timeout.c.obj)
 .text.next_timeout
                0x0000000010003e04       0x44 zephyr/kernel/libkernel.a(timeout.c.obj)
 .text.remove_timeout
                0x0000000010003e48       0x38 zephyr/kernel/libkernel.a(timeout.c.obj)
 .text.z_add_timeout
                0x0000000010003e80       0xdc zephyr/kernel/libkernel.a(timeout.c.obj)
                0x0000000010003e80                z_add_timeout
 .text.sys_clock_announce
                0x0000000010003f5c       0xdc zephyr/kernel/libkernel.a(timeout.c.obj)
                0x0000000010003f5c                sys_clock_announce
 .text.sys_clock_tick_get
                0x0000000010004038       0x2c zephyr/kernel/libkernel.a(timeout.c.obj)
                0x0000000010004038                sys_clock_tick_get
 .text.z_timer_expiration_handler
                0x0000000010004064       0xe8 zephyr/kernel/libkernel.a(timer.c.obj)
                0x0000000010004064                z_timer_expiration_handler
 .text.z_impl_k_timer_start
                0x000000001000414c       0x70 zephyr/kernel/libkernel.a(timer.c.obj)
                0x000000001000414c                z_impl_k_timer_start
 .text.boot_banner
                0x00000000100041bc       0x10 zephyr/kernel/libkernel.a(banner.c.obj)
                0x00000000100041bc                boot_banner
 .text.snprintf
                0x00000000100041cc       0x5c /opt/zephyr-sdk-0.16.5/arm-zephyr-eabi/bin/../lib/gcc/../../picolibc/arm-zephyr-eabi/lib/thumb/v6-m/nofp/libc.a(libc_tinystdio_snprintf.c.o)
                0x00000000100041cc                snprintf
 .text.__l_vfprintf
                0x0000000010004228      0x4d0 /opt/zephyr-sdk-0.16.5/arm-zephyr-eabi/bin/../lib/gcc/../../picolibc/arm-zephyr-eabi/lib/thumb/v6-m/nofp/libc.a(libc_tinystdio_vflprintf.c.o)
                0x0000000010004228                __l_vfprintf
 .text._OffsetAbsSyms
                0x00000000100046f8        0x2 zephyr/CMakeFiles/offsets.dir/./arch/arm/core/offsets/offsets.c.obj
                0x00000000100046f8                _OffsetAbsSyms
 .text.fill_buffer_mono10
                0x00000000100046fa       0x1e app/libapp.a(main.c.obj)
 .text.get_rgb565_color
                0x0000000010004718       0x30 app/libapp.a(main.c.obj)
 .text.fill_buffer_rgb565
                0x0000000010004748       0x20 app/libapp.a(main.c.obj)
 .text.fill_buffer_bgr565
                0x0000000010004768       0x18 app/libapp.a(main.c.obj)
 .text.fill_buffer_mono01
                0x0000000010004780       0x1c app/libapp.a(main.c.obj)
 .text.chunk_field
                0x000000001000479c       0x1a zephyr/libzephyr.a(heap.c.obj)
 .text.chunk_set
                0x00000000100047b6       0x1c zephyr/libzephyr.a(heap.c.obj)
 .text.chunk_size
                0x00000000100047d2        0xc zephyr/libzephyr.a(heap.c.obj)
 .text.set_chunk_used
                0x00000000100047de       0x36 zephyr/libzephyr.a(heap.c.obj)
 .text.set_chunk_size
                0x0000000010004814        0xc zephyr/libzephyr.a(heap.c.obj)
 .text.bucket_idx.isra.0
                0x0000000010004820       0x20 zephyr/libzephyr.a(heap.c.obj)
 .text.free_list_add
                0x0000000010004840       0x88 zephyr/libzephyr.a(heap.c.obj)
 .text.sys_heap_init
                0x00000000100048c8       0xac zephyr/libzephyr.a(heap.c.obj)
                0x00000000100048c8                sys_heap_init
 .text.cbpprintf_external
                0x0000000010004974       0x68 zephyr/libzephyr.a(cbprintf_packaged.c.obj)
                0x0000000010004974                cbpprintf_external
 .text.is_ptr   0x00000000100049dc       0x4a zephyr/libzephyr.a(cbprintf_packaged.c.obj)
                0x00000000100049dc                is_ptr
 .text.arch_printk_char_out
                0x0000000010004a26        0x4 zephyr/libzephyr.a(printk.c.obj)
                0x0000000010004a26                arch_printk_char_out
 .text.printk   0x0000000010004a2a       0x16 zephyr/libzephyr.a(printk.c.obj)
                0x0000000010004a2a                printk
 .text.free_space
                0x0000000010004a40       0x2c zephyr/libzephyr.a(mpsc_pbuf.c.obj)
 .text.get_usage
                0x0000000010004a6c       0x22 zephyr/libzephyr.a(mpsc_pbuf.c.obj)
 .text.idx_inc  0x0000000010004a8e       0x1c zephyr/libzephyr.a(mpsc_pbuf.c.obj)
 .text.rd_idx_inc
                0x0000000010004aaa       0x18 zephyr/libzephyr.a(mpsc_pbuf.c.obj)
 .text.add_skip_item
                0x0000000010004ac2       0x3a zephyr/libzephyr.a(mpsc_pbuf.c.obj)
 .text.drop_item_locked
                0x0000000010004afc       0xe2 zephyr/libzephyr.a(mpsc_pbuf.c.obj)
 .text.post_drop_action
                0x0000000010004bde       0x38 zephyr/libzephyr.a(mpsc_pbuf.c.obj)
 .text.max_utilization_update
                0x0000000010004c16       0x1a zephyr/libzephyr.a(mpsc_pbuf.c.obj)
 .text.mpsc_pbuf_init
                0x0000000010004c30       0x42 zephyr/libzephyr.a(mpsc_pbuf.c.obj)
                0x0000000010004c30                mpsc_pbuf_init
 .text.mpsc_pbuf_alloc
                0x0000000010004c72       0xfc zephyr/libzephyr.a(mpsc_pbuf.c.obj)
                0x0000000010004c72                mpsc_pbuf_alloc
 .text.mpsc_pbuf_commit
                0x0000000010004d6e       0x38 zephyr/libzephyr.a(mpsc_pbuf.c.obj)
                0x0000000010004d6e                mpsc_pbuf_commit
 .text.mpsc_pbuf_claim
                0x0000000010004da6       0xa2 zephyr/libzephyr.a(mpsc_pbuf.c.obj)
                0x0000000010004da6                mpsc_pbuf_claim
 .text.mpsc_pbuf_free
                0x0000000010004e48       0x72 zephyr/libzephyr.a(mpsc_pbuf.c.obj)
                0x0000000010004e48                mpsc_pbuf_free
 .text.mpsc_pbuf_is_pending
                0x0000000010004eba       0x1c zephyr/libzephyr.a(mpsc_pbuf.c.obj)
                0x0000000010004eba                mpsc_pbuf_is_pending
 .text._ConfigAbsSyms
                0x0000000010004ed6        0x2 zephyr/libzephyr.a(configs.c.obj)
                0x0000000010004ed6                _ConfigAbsSyms
 .text.log_msg_generic_get_wlen
                0x0000000010004ed8       0x22 zephyr/libzephyr.a(log_core.c.obj)
 .text.dummy_timestamp
                0x0000000010004efa        0x4 zephyr/libzephyr.a(log_core.c.obj)
 .text.atomic_inc
                0x0000000010004efe        0xa zephyr/libzephyr.a(log_core.c.obj)
 .text.default_lf_get_timestamp
                0x0000000010004f08       0x10 zephyr/libzephyr.a(log_core.c.obj)
 .text.z_log_vprintk
                0x0000000010004f18       0x1a zephyr/libzephyr.a(log_core.c.obj)
                0x0000000010004f18                z_log_vprintk
 .text.z_log_notify_drop
                0x0000000010004f32        0xa zephyr/libzephyr.a(log_core.c.obj)
 .text.z_log_get_tag
                0x0000000010004f3c        0x4 zephyr/libzephyr.a(log_core.c.obj)
                0x0000000010004f3c                z_log_get_tag
 .text.z_cbprintf_cpy
                0x0000000010004f40       0x2e zephyr/libzephyr.a(log_msg.c.obj)
 .text.z_log_msg_finalize
                0x0000000010004f6e       0x32 zephyr/libzephyr.a(log_msg.c.obj)
                0x0000000010004f6e                z_log_msg_finalize
 .text.z_impl_z_log_msg_simple_create_0
                0x0000000010004fa0        0xe zephyr/libzephyr.a(log_msg.c.obj)
                0x0000000010004fa0                z_impl_z_log_msg_simple_create_0
 .text.z_impl_z_log_msg_simple_create_1
                0x0000000010004fae       0x10 zephyr/libzephyr.a(log_msg.c.obj)
                0x0000000010004fae                z_impl_z_log_msg_simple_create_1
 .text.buffer_write
                0x0000000010004fbe       0x1c zephyr/libzephyr.a(log_output.c.obj)
 .text.log_output_flush
                0x0000000010004fda       0x18 zephyr/libzephyr.a(log_output.c.obj)
                0x0000000010004fda                log_output_flush
 .text.out_func
                0x0000000010004ff2       0x26 zephyr/libzephyr.a(log_output.c.obj)
 .text.cr_out_func
                0x0000000010005018       0x1c zephyr/libzephyr.a(log_output.c.obj)
 .text.format_set
                0x0000000010005034        0xc zephyr/libzephyr.a(log_backend_uart.c.obj)
 .text.log_backend_uart_init
                0x0000000010005040        0xc zephyr/libzephyr.a(log_backend_uart.c.obj)
 .text.panic    0x000000001000504c       0x14 zephyr/libzephyr.a(log_backend_uart.c.obj)
 .text.dropped  0x0000000010005060        0xe zephyr/libzephyr.a(log_backend_uart.c.obj)
 .text.process  0x000000001000506e       0x1c zephyr/libzephyr.a(log_backend_uart.c.obj)
 .text.z_do_kernel_oops
                0x000000001000508a        0xc zephyr/arch/arch/arm/core/libarch__arm__core.a(fatal.c.obj)
                0x000000001000508a                z_do_kernel_oops
 .text.z_arm_nmi
                0x0000000010005096        0xc zephyr/arch/arch/arm/core/libarch__arm__core.a(nmi.c.obj)
                0x0000000010005096                z_arm_nmi
 .text.z_arm_fault_init
                0x00000000100050a2        0x2 zephyr/arch/arch/arm/core/cortex_m/libarch__arm__core__cortex_m.a(fault.c.obj)
                0x00000000100050a2                z_arm_fault_init
 .text.z_irq_spurious
                0x00000000100050a4        0xc zephyr/arch/arch/arm/core/cortex_m/libarch__arm__core__cortex_m.a(irq_manage.c.obj)
                0x00000000100050a4                z_irq_spurious
 .text.cbputc   0x00000000100050b0        0xc zephyr/lib/libc/picolibc/liblib__libc__picolibc.a(libc-hooks.c.obj)
 .text.picolibc_put
                0x00000000100050bc        0xa zephyr/lib/libc/picolibc/liblib__libc__picolibc.a(libc-hooks.c.obj)
 .text.__assert_no_args
                0x00000000100050c6        0x0 zephyr/lib/libc/picolibc/liblib__libc__picolibc.a(libc-hooks.c.obj)
                0x00000000100050c6                __assert_no_args
 .text.clock_control_rpi_pico_on
                0x00000000100050c6       0x26 zephyr/drivers/clock_control/libdrivers__clock_control.a(clock_control_rpi_pico.c.obj)
 .text.clock_control_rpi_pico_off
                0x00000000100050ec       0x26 zephyr/drivers/clock_control/libdrivers__clock_control.a(clock_control_rpi_pico.c.obj)
 .text.rpi_pico_is_clock_enabled.isra.0
                0x0000000010005112       0x5e zephyr/drivers/clock_control/libdrivers__clock_control.a(clock_control_rpi_pico.c.obj)
 .text.clock_control_rpi_pico_get_status
                0x0000000010005170       0x18 zephyr/drivers/clock_control/libdrivers__clock_control.a(clock_control_rpi_pico.c.obj)
 .text.clock_control_rpi_pico_get_rate
                0x0000000010005188       0x1e zephyr/drivers/clock_control/libdrivers__clock_control.a(clock_control_rpi_pico.c.obj)
 .text.rpi_pico_clkid_tuple_reorder_by_dependencies
                0x00000000100051a6       0x66 zephyr/drivers/clock_control/libdrivers__clock_control.a(clock_control_rpi_pico.c.obj)
                0x00000000100051a6                rpi_pico_clkid_tuple_reorder_by_dependencies
 .text.gpio_rpi_port_get_raw
                0x000000001000520c        0xc zephyr/drivers/gpio/libdrivers__gpio.a(gpio_rpi_pico.c.obj)
 .text.gpio_rpi_port_set_bits_raw
                0x0000000010005218       0x2c zephyr/drivers/gpio/libdrivers__gpio.a(gpio_rpi_pico.c.obj)
 .text.gpio_rpi_port_clear_bits_raw
                0x0000000010005244       0x2c zephyr/drivers/gpio/libdrivers__gpio.a(gpio_rpi_pico.c.obj)
 .text.gpio_rpi_port_toggle_bits
                0x0000000010005270       0x18 zephyr/drivers/gpio/libdrivers__gpio.a(gpio_rpi_pico.c.obj)
 .text.gpio_rpi_manage_callback
                0x0000000010005288       0x58 zephyr/drivers/gpio/libdrivers__gpio.a(gpio_rpi_pico.c.obj)
 .text.gpio_rpi_bank_init
                0x00000000100052e0        0xc zephyr/drivers/gpio/libdrivers__gpio.a(gpio_rpi_pico.c.obj)
 .text.gpio_rpi_pin_interrupt_configure
                0x00000000100052ec       0x62 zephyr/drivers/gpio/libdrivers__gpio.a(gpio_rpi_pico.c.obj)
 .text.bank_0_config_func
                0x000000001000534e       0x14 zephyr/drivers/gpio/libdrivers__gpio.a(gpio_rpi_pico.c.obj)
 .text.gpio_rpi_port_set_masked_raw
                0x0000000010005362       0x3c zephyr/drivers/gpio/libdrivers__gpio.a(gpio_rpi_pico.c.obj)
 .text.gpio_rpi_configure
                0x000000001000539e       0x7c zephyr/drivers/gpio/libdrivers__gpio.a(gpio_rpi_pico.c.obj)
 .text.pinctrl_lookup_state
                0x000000001000541a       0x26 zephyr/drivers/pinctrl/libdrivers__pinctrl.a(common.c.obj)
                0x000000001000541a                pinctrl_lookup_state
 .text.pinctrl_configure_pins
                0x0000000010005440       0x84 zephyr/drivers/pinctrl/libdrivers__pinctrl.a(pinctrl_rpi_pico.c.obj)
                0x0000000010005440                pinctrl_configure_pins
 .text.reset_rpi_init
                0x00000000100054c4        0x4 zephyr/drivers/reset/libdrivers__reset.a(reset_rpi_pico.c.obj)
 .text.reset_rpi_read_register.isra.0
                0x00000000100054c8       0x30 zephyr/drivers/reset/libdrivers__reset.a(reset_rpi_pico.c.obj)
 .text.reset_rpi_update
                0x00000000100054f8       0x72 zephyr/drivers/reset/libdrivers__reset.a(reset_rpi_pico.c.obj)
 .text.reset_rpi_line_assert
                0x000000001000556a        0xa zephyr/drivers/reset/libdrivers__reset.a(reset_rpi_pico.c.obj)
 .text.reset_rpi_line_deassert
                0x0000000010005574        0xa zephyr/drivers/reset/libdrivers__reset.a(reset_rpi_pico.c.obj)
 .text.reset_rpi_line_toggle
                0x000000001000557e       0x18 zephyr/drivers/reset/libdrivers__reset.a(reset_rpi_pico.c.obj)
 .text.reset_rpi_status
                0x0000000010005596       0x38 zephyr/drivers/reset/libdrivers__reset.a(reset_rpi_pico.c.obj)
 .text.uart_rpi_poll_in
                0x00000000100055ce       0x1e zephyr/drivers/serial/libdrivers__serial.a(uart_rpi_pico.c.obj)
 .text.uart_rpi_poll_out
                0x00000000100055ec       0x10 zephyr/drivers/serial/libdrivers__serial.a(uart_rpi_pico.c.obj)
 .text.uart_rpi_config_get
                0x00000000100055fc        0xc zephyr/drivers/serial/libdrivers__serial.a(uart_rpi_pico.c.obj)
 .text.uart_rpi_err_check
                0x0000000010005608       0x24 zephyr/drivers/serial/libdrivers__serial.a(uart_rpi_pico.c.obj)
 .text.uart_rpi_fifo_fill
                0x000000001000562c       0x20 zephyr/drivers/serial/libdrivers__serial.a(uart_rpi_pico.c.obj)
 .text.uart_rpi_fifo_read
                0x000000001000564c       0x20 zephyr/drivers/serial/libdrivers__serial.a(uart_rpi_pico.c.obj)
 .text.uart_rpi_irq_tx_enable
                0x000000001000566c       0x16 zephyr/drivers/serial/libdrivers__serial.a(uart_rpi_pico.c.obj)
 .text.uart_rpi_irq_tx_disable
                0x0000000010005682        0xe zephyr/drivers/serial/libdrivers__serial.a(uart_rpi_pico.c.obj)
 .text.uart_rpi_irq_tx_ready
                0x0000000010005690        0xc zephyr/drivers/serial/libdrivers__serial.a(uart_rpi_pico.c.obj)
 .text.uart_rpi_irq_rx_enable
                0x000000001000569c       0x16 zephyr/drivers/serial/libdrivers__serial.a(uart_rpi_pico.c.obj)
 .text.uart_rpi_irq_rx_disable
                0x00000000100056b2        0xe zephyr/drivers/serial/libdrivers__serial.a(uart_rpi_pico.c.obj)
 .text.uart_rpi_irq_tx_complete
                0x00000000100056c0       0x16 zephyr/drivers/serial/libdrivers__serial.a(uart_rpi_pico.c.obj)
 .text.uart_rpi_irq_rx_ready
                0x00000000100056d6        0xc zephyr/drivers/serial/libdrivers__serial.a(uart_rpi_pico.c.obj)
 .text.uart_rpi_irq_err_enable
                0x00000000100056e2       0x10 zephyr/drivers/serial/libdrivers__serial.a(uart_rpi_pico.c.obj)
 .text.uart_rpi_irq_is_pending
                0x00000000100056f2       0x1c zephyr/drivers/serial/libdrivers__serial.a(uart_rpi_pico.c.obj)
 .text.uart_rpi_irq_update
                0x000000001000570e        0x4 zephyr/drivers/serial/libdrivers__serial.a(uart_rpi_pico.c.obj)
 .text.uart_rpi_irq_callback_set
                0x0000000010005712        0x8 zephyr/drivers/serial/libdrivers__serial.a(uart_rpi_pico.c.obj)
 .text.uart_rpi_isr
                0x000000001000571a       0x10 zephyr/drivers/serial/libdrivers__serial.a(uart_rpi_pico.c.obj)
 .text.uart0_rpi_irq_config_func
                0x000000001000572a       0x14 zephyr/drivers/serial/libdrivers__serial.a(uart_rpi_pico.c.obj)
 .text.uart_rpi_set_format.isra.0
                0x000000001000573e       0x42 zephyr/drivers/serial/libdrivers__serial.a(uart_rpi_pico.c.obj)
 .text.uart_rpi_configure
                0x0000000010005780       0x32 zephyr/drivers/serial/libdrivers__serial.a(uart_rpi_pico.c.obj)
 .text.gpio_init
                0x00000000100057b2       0x16 modules/hal_rpi_pico/libmodules__hal_rpi_pico.a(gpio.c.obj)
                0x00000000100057b2                gpio_init
 .text.z_device_state_init
                0x00000000100057c8        0x2 zephyr/kernel/libkernel.a(device.c.obj)
                0x00000000100057c8                z_device_state_init
 .text.z_device_is_ready
                0x00000000100057ca       0x1a zephyr/kernel/libkernel.a(device.c.obj)
                0x00000000100057ca                z_device_is_ready
 .text.arch_system_halt
                0x00000000100057e4        0x8 zephyr/kernel/libkernel.a(fatal.c.obj)
                0x00000000100057e4                arch_system_halt
 .text.z_early_memset
                0x00000000100057ec        0x8 zephyr/kernel/libkernel.a(init.c.obj)
                0x00000000100057ec                z_early_memset
 .text.z_early_memcpy
                0x00000000100057f4        0x8 zephyr/kernel/libkernel.a(init.c.obj)
                0x00000000100057f4                z_early_memcpy
 .text.k_is_in_isr
                0x00000000100057fc        0xc zephyr/kernel/libkernel.a(thread.c.obj)
                0x00000000100057fc                k_is_in_isr
 .text.z_impl_k_thread_name_set
                0x0000000010005808        0x6 zephyr/kernel/libkernel.a(thread.c.obj)
                0x0000000010005808                z_impl_k_thread_name_set
 .text.k_thread_name_get
                0x000000001000580e        0x4 zephyr/kernel/libkernel.a(thread.c.obj)
                0x000000001000580e                k_thread_name_get
 .text.sys_dlist_remove
                0x0000000010005812       0x10 zephyr/kernel/libkernel.a(sched.c.obj)
 .text.unpend_thread_no_timeout
                0x0000000010005822       0x16 zephyr/kernel/libkernel.a(sched.c.obj)
 .text.add_to_waitq_locked
                0x0000000010005838       0x52 zephyr/kernel/libkernel.a(sched.c.obj)
 .text.z_ready_thread
                0x000000001000588a       0x18 zephyr/kernel/libkernel.a(sched.c.obj)
                0x000000001000588a                z_ready_thread
 .text.z_impl_k_thread_suspend
                0x00000000100058a2       0x30 zephyr/kernel/libkernel.a(sched.c.obj)
                0x00000000100058a2                z_impl_k_thread_suspend
 .text.z_unpend_thread_no_timeout
                0x00000000100058d2       0x1e zephyr/kernel/libkernel.a(sched.c.obj)
                0x00000000100058d2                z_unpend_thread_no_timeout
 .text.z_sched_wake_thread
                0x00000000100058f0       0x3e zephyr/kernel/libkernel.a(sched.c.obj)
                0x00000000100058f0                z_sched_wake_thread
 .text.z_thread_timeout
                0x000000001000592e        0xc zephyr/kernel/libkernel.a(sched.c.obj)
                0x000000001000592e                z_thread_timeout
 .text.z_unpend1_no_timeout
                0x000000001000593a       0x2a zephyr/kernel/libkernel.a(sched.c.obj)
                0x000000001000593a                z_unpend1_no_timeout
 .text.z_unpend_first_thread
                0x0000000010005964       0x32 zephyr/kernel/libkernel.a(sched.c.obj)
                0x0000000010005964                z_unpend_first_thread
 .text.z_reschedule_unlocked
                0x0000000010005996        0xe zephyr/kernel/libkernel.a(sched.c.obj)
 .text.z_thread_abort
                0x00000000100059a4       0x3a zephyr/kernel/libkernel.a(sched.c.obj)
                0x00000000100059a4                z_thread_abort
 .text.idle     0x00000000100059de        0xe zephyr/kernel/libkernel.a(idle.c.obj)
                0x00000000100059de                idle
 .text.z_impl_k_sem_init
                0x00000000100059ec       0x1a zephyr/kernel/libkernel.a(sem.c.obj)
                0x00000000100059ec                z_impl_k_sem_init
 .text.z_abort_timeout
                0x0000000010005a06       0x26 zephyr/kernel/libkernel.a(timeout.c.obj)
                0x0000000010005a06                z_abort_timeout
 .text.sys_clock_tick_get_32
                0x0000000010005a2c        0x8 zephyr/kernel/libkernel.a(timeout.c.obj)
                0x0000000010005a2c                sys_clock_tick_get_32
 .text.z_impl_k_uptime_ticks
                0x0000000010005a34        0x8 zephyr/kernel/libkernel.a(timeout.c.obj)
                0x0000000010005a34                z_impl_k_uptime_ticks
 .text.k_timer_init
                0x0000000010005a3c       0x18 zephyr/kernel/libkernel.a(timer.c.obj)
                0x0000000010005a3c                k_timer_init
 .text.z_impl_k_timer_stop
                0x0000000010005a54       0x32 zephyr/kernel/libkernel.a(timer.c.obj)
                0x0000000010005a54                z_impl_k_timer_stop
 .text.z_impl_atomic_add
                0x0000000010005a86       0x1a zephyr/kernel/libkernel.a(atomic_c.c.obj)
                0x0000000010005a86                z_impl_atomic_add
 .text.z_impl_atomic_sub
                0x0000000010005aa0       0x1a zephyr/kernel/libkernel.a(atomic_c.c.obj)
                0x0000000010005aa0                z_impl_atomic_sub
 .text.z_impl_atomic_set
                0x0000000010005aba       0x18 zephyr/kernel/libkernel.a(atomic_c.c.obj)
                0x0000000010005aba                z_impl_atomic_set
 .text.strnlen  0x0000000010005ad2       0x16 /opt/zephyr-sdk-0.16.5/arm-zephyr-eabi/bin/../lib/gcc/../../picolibc/arm-zephyr-eabi/lib/thumb/v6-m/nofp/libc.a(libc_string_strnlen.c.o)
                0x0000000010005ad2                strnlen
 .text.__ultoa_invert
                0x0000000010005ae8      0x10e /opt/zephyr-sdk-0.16.5/arm-zephyr-eabi/bin/../lib/gcc/../../picolibc/arm-zephyr-eabi/lib/thumb/v6-m/nofp/libc.a(libc_tinystdio_vflprintf.c.o)
 .text.memcpy   0x0000000010005bf6       0x12 /opt/zephyr-sdk-0.16.5/arm-zephyr-eabi/bin/../lib/gcc/../../picolibc/arm-zephyr-eabi/lib/thumb/v6-m/nofp/libc.a(memcpy.c.o)
                0x0000000010005bf6                memcpy
                0x0000000010005bf6                __aeabi_memcpy
                0x0000000010005bf6                __aeabi_memcpy4
                0x0000000010005bf6                __aeabi_memcpy8
 .text.memset   0x0000000010005c08       0x10 /opt/zephyr-sdk-0.16.5/arm-zephyr-eabi/bin/../lib/gcc/../../picolibc/arm-zephyr-eabi/lib/thumb/v6-m/nofp/libc.a(memset.c.o)
                0x0000000010005c08                memset
 .text.__file_str_put
                0x0000000010005c18       0x10 /opt/zephyr-sdk-0.16.5/arm-zephyr-eabi/bin/../lib/gcc/../../picolibc/arm-zephyr-eabi/lib/thumb/v6-m/nofp/libc.a(libc_tinystdio_filestrput.c.o)
                0x0000000010005c18                __file_str_put
 *(SORT_BY_ALIGNMENT(.TEXT.*))
 .TEXT.__aeabi_read_tp
                0x0000000010005c28        0xc zephyr/arch/arch/arm/core/cortex_m/libarch__arm__core__cortex_m.a(__aeabi_read_tp.S.obj)
                0x0000000010005c28                __aeabi_read_tp
 *(SORT_BY_ALIGNMENT(.gnu.linkonce.t.*))
 *(SORT_BY_ALIGNMENT(.glue_7t))
 .glue_7t       0x0000000010005c34        0x0 linker stubs
 *(SORT_BY_ALIGNMENT(.glue_7))
 .glue_7        0x0000000010005c34        0x0 linker stubs
 *(SORT_BY_ALIGNMENT(.vfp11_veneer))
 .vfp11_veneer  0x0000000010005c34        0x0 linker stubs
 *(SORT_BY_ALIGNMENT(.v4_bx))
 .v4_bx         0x0000000010005c34        0x0 linker stubs
                0x0000000010005c34                . = ALIGN (0x4)
                0x0000000010005c34                __text_region_end = .

.ARM.exidx      0x0000000010005c34        0x8
                0x0000000010005c34                __exidx_start = .
 *(SORT_BY_ALIGNMENT(.ARM.exidx*) SORT_BY_ALIGNMENT(gnu.linkonce.armexidx.*))
 .ARM.exidx     0x0000000010005c34        0x8 /opt/zephyr-sdk-0.16.5/arm-zephyr-eabi/bin/../lib/gcc/arm-zephyr-eabi/12.2.0/thumb/v6-m/nofp/libgcc.a(_udivmoddi4.o)
                0x0000000010005c3c                __exidx_end = .
                0x0000000010005c3c                __rodata_region_start = .

initlevel       0x0000000010005c3c       0x40
                0x0000000010005c3c                __init_start = .
                0x0000000010005c3c                __init_EARLY_start = .
 *(SORT_BY_NAME(SORT_BY_ALIGNMENT(.z_init_EARLY?_*)))
 *(SORT_BY_NAME(SORT_BY_ALIGNMENT(.z_init_EARLY??_*)))
                0x0000000010005c3c                __init_PRE_KERNEL_1_start = .
 *(SORT_BY_NAME(SORT_BY_ALIGNMENT(.z_init_PRE_KERNEL_1?_*)))
 *(SORT_BY_NAME(SORT_BY_ALIGNMENT(.z_init_PRE_KERNEL_1??_*)))
 .z_init_PRE_KERNEL_130_00026_
                0x0000000010005c3c        0x8 zephyr/drivers/clock_control/libdrivers__clock_control.a(clock_control_rpi_pico.c.obj)
 .z_init_PRE_KERNEL_135_00028_
                0x0000000010005c44        0x8 zephyr/drivers/reset/libdrivers__reset.a(reset_rpi_pico.c.obj)
 .z_init_PRE_KERNEL_155_00064_
                0x0000000010005c4c        0x8 zephyr/drivers/serial/libdrivers__serial.a(uart_rpi_pico.c.obj)
 .z_init_PRE_KERNEL_160_0_
                0x0000000010005c54        0x8 zephyr/drivers/console/libdrivers__console.a(uart_console.c.obj)
                0x0000000010005c5c                __init_PRE_KERNEL_2_start = .
 *(SORT_BY_NAME(SORT_BY_ALIGNMENT(.z_init_PRE_KERNEL_2?_*)))
 .z_init_PRE_KERNEL_20_0_
                0x0000000010005c5c        0x8 zephyr/drivers/timer/libdrivers__timer.a(cortex_m_systick.c.obj)
 *(SORT_BY_NAME(SORT_BY_ALIGNMENT(.z_init_PRE_KERNEL_2??_*)))
                0x0000000010005c64                __init_POST_KERNEL_start = .
 *(SORT_BY_NAME(SORT_BY_ALIGNMENT(.z_init_POST_KERNEL?_*)))
 .z_init_POST_KERNEL0_0_
                0x0000000010005c64        0x8 zephyr/libzephyr.a(log_core.c.obj)
 *(SORT_BY_NAME(SORT_BY_ALIGNMENT(.z_init_POST_KERNEL??_*)))
 .z_init_POST_KERNEL40_00035_
                0x0000000010005c6c        0x8 zephyr/drivers/gpio/libdrivers__gpio.a(gpio_rpi_pico.c.obj)
 .z_init_POST_KERNEL40_0_
                0x0000000010005c74        0x8 zephyr/lib/libc/common/liblib__libc__common.a(malloc.c.obj)
                0x0000000010005c7c                __init_APPLICATION_start = .
 *(SORT_BY_NAME(SORT_BY_ALIGNMENT(.z_init_APPLICATION?_*)))
 *(SORT_BY_NAME(SORT_BY_ALIGNMENT(.z_init_APPLICATION??_*)))
                0x0000000010005c7c                __init_SMP_start = .
 *(SORT_BY_NAME(SORT_BY_ALIGNMENT(.z_init_SMP?_*)))
 *(SORT_BY_NAME(SORT_BY_ALIGNMENT(.z_init_SMP??_*)))
                0x0000000010005c7c                __init_end = .

device_area     0x0000000010005c7c       0x50
                0x0000000010005c7c                _device_list_start = .
 *(SORT_BY_NAME(SORT_BY_ALIGNMENT(._device.static.*_?_*)))
 *(SORT_BY_NAME(SORT_BY_ALIGNMENT(._device.static.*_??_*)))
 ._device.static.1_30_
                0x0000000010005c7c       0x14 zephyr/drivers/clock_control/libdrivers__clock_control.a(clock_control_rpi_pico.c.obj)
                0x0000000010005c7c                __device_dts_ord_26
 ._device.static.1_35_
                0x0000000010005c90       0x14 zephyr/drivers/reset/libdrivers__reset.a(reset_rpi_pico.c.obj)
                0x0000000010005c90                __device_dts_ord_28
 ._device.static.1_55_
                0x0000000010005ca4       0x14 zephyr/drivers/serial/libdrivers__serial.a(uart_rpi_pico.c.obj)
                0x0000000010005ca4                __device_dts_ord_64
 ._device.static.3_40_
                0x0000000010005cb8       0x14 zephyr/drivers/gpio/libdrivers__gpio.a(gpio_rpi_pico.c.obj)
                0x0000000010005cb8                __device_dts_ord_35
                0x0000000010005ccc                _device_list_end = .

sw_isr_table    0x0000000010005ccc       0xd0
                0x0000000010005ccc                . = ALIGN (0x4)
 *(SORT_BY_ALIGNMENT(.gnu.linkonce.sw_isr_table*))
 .gnu.linkonce.sw_isr_table
                0x0000000010005ccc       0xd0 zephyr/arch/common/libisr_tables.a(isr_tables.c.obj)
                0x0000000010005ccc                _sw_isr_table

initlevel_error
                0x0000000010005c3c        0x0
 *(SORT_BY_NAME(SORT_BY_ALIGNMENT(.z_init_[_A-Z0-9]*)))
                0x0000000000000001                ASSERT ((SIZEOF (initlevel_error) == 0x0), Undefined initialization levels used.)

app_shmem_regions
                0x0000000010005d9c        0x0
                0x0000000010005d9c                __app_shmem_regions_start = .
 *(SORT_BY_NAME(SORT_BY_ALIGNMENT(.app_regions.*)))
                0x0000000010005d9c                __app_shmem_regions_end = .

k_p4wq_initparam_area
                0x0000000010005d9c        0x0
                0x0000000010005d9c                _k_p4wq_initparam_list_start = .
 *(SORT_BY_NAME(SORT_BY_ALIGNMENT(._k_p4wq_initparam.static.*)))
                0x0000000010005d9c                _k_p4wq_initparam_list_end = .

_static_thread_data_area
                0x0000000010005d9c        0x0
                0x0000000010005d9c                __static_thread_data_list_start = .
 *(SORT_BY_NAME(SORT_BY_ALIGNMENT(.__static_thread_data.static.*)))
                0x0000000010005d9c                __static_thread_data_list_end = .

device_deps     0x0000000010005d9c        0x0
                0x0000000010005d9c                __device_deps_start = .
 *(SORT_BY_NAME(SORT_BY_ALIGNMENT(.__device_deps_pass2*)))
                0x0000000010005d9c                __device_deps_end = .

ztest           0x0000000010005d9c        0x0
                0x0000000010005d9c                _ztest_expected_result_entry_list_start = .
 *(SORT_BY_NAME(SORT_BY_ALIGNMENT(._ztest_expected_result_entry.static.*)))
                0x0000000010005d9c                _ztest_expected_result_entry_list_end = .
                0x0000000010005d9c                _ztest_suite_node_list_start = .
 *(SORT_BY_NAME(SORT_BY_ALIGNMENT(._ztest_suite_node.static.*)))
                0x0000000010005d9c                _ztest_suite_node_list_end = .
                0x0000000010005d9c                _ztest_unit_test_list_start = .
 *(SORT_BY_NAME(SORT_BY_ALIGNMENT(._ztest_unit_test.static.*)))
                0x0000000010005d9c                _ztest_unit_test_list_end = .
                0x0000000010005d9c                _ztest_test_rule_list_start = .
 *(SORT_BY_NAME(SORT_BY_ALIGNMENT(._ztest_test_rule.static.*)))
                0x0000000010005d9c                _ztest_test_rule_list_end = .

bt_l2cap_fixed_chan_area
                0x0000000010005d9c        0x0
                0x0000000010005d9c                _bt_l2cap_fixed_chan_list_start = .
 *(SORT_BY_NAME(SORT_BY_ALIGNMENT(._bt_l2cap_fixed_chan.static.*)))
                0x0000000010005d9c                _bt_l2cap_fixed_chan_list_end = .

bt_gatt_service_static_area
                0x0000000010005d9c        0x0
                0x0000000010005d9c                _bt_gatt_service_static_list_start = .
 *(SORT_BY_NAME(SORT_BY_ALIGNMENT(._bt_gatt_service_static.static.*)))
                0x0000000010005d9c                _bt_gatt_service_static_list_end = .

log_strings_area
                0x0000000010005d9c        0x0
                0x0000000010005d9c                _log_strings_list_start = .
 *(SORT_BY_NAME(SORT_BY_ALIGNMENT(._log_strings.static.*)))
                0x0000000010005d9c                _log_strings_list_end = .

log_const_area  0x0000000010005d9c       0x38
                0x0000000010005d9c                _log_const_list_start = .
 *(SORT_BY_NAME(SORT_BY_ALIGNMENT(._log_const.static.*)))
 ._log_const.static.log_const_cbprintf_package_
                0x0000000010005d9c        0x8 zephyr/libzephyr.a(cbprintf_packaged.c.obj)
                0x0000000010005d9c                log_const_cbprintf_package
 ._log_const.static.log_const_log_
                0x0000000010005da4        0x8 zephyr/libzephyr.a(log_core.c.obj)
                0x0000000010005da4                log_const_log
 ._log_const.static.log_const_log_mgmt_
                0x0000000010005dac        0x8 zephyr/libzephyr.a(log_mgmt.c.obj)
                0x0000000010005dac                log_const_log_mgmt
 ._log_const.static.log_const_log_uart_
                0x0000000010005db4        0x8 zephyr/libzephyr.a(log_backend_uart.c.obj)
                0x0000000010005db4                log_const_log_uart
 ._log_const.static.log_const_os_
                0x0000000010005dbc        0x8 zephyr/kernel/libkernel.a(init.c.obj)
                0x0000000010005dbc                log_const_os
 ._log_const.static.log_const_sample_
                0x0000000010005dc4        0x8 app/libapp.a(main.c.obj)
                0x0000000010005dc4                log_const_sample
 ._log_const.static.log_const_soc_
                0x0000000010005dcc        0x8 zephyr/soc/soc/arm/rpi_pico/rp2/libsoc__arm__rpi_pico__rp2.a(soc.c.obj)
                0x0000000010005dcc                log_const_soc
                0x0000000010005dd4                _log_const_list_end = .

log_backend_area
                0x0000000010005dd4       0x10
                0x0000000010005dd4                _log_backend_list_start = .
 *(SORT_BY_NAME(SORT_BY_ALIGNMENT(._log_backend.static.*)))
 ._log_backend.static.log_backend_uart_
                0x0000000010005dd4       0x10 zephyr/libzephyr.a(log_backend_uart.c.obj)
                0x0000000010005de4                _log_backend_list_end = .

log_link_area   0x0000000010005de4        0x0
                0x0000000010005de4                _log_link_list_start = .
 *(SORT_BY_NAME(SORT_BY_ALIGNMENT(._log_link.static.*)))
                0x0000000010005de4                _log_link_list_end = .

tracing_backend_area
                0x0000000010005de4        0x0
                0x0000000010005de4                _tracing_backend_list_start = .
 *(SORT_BY_NAME(SORT_BY_ALIGNMENT(._tracing_backend.static.*)))
                0x0000000010005de4                _tracing_backend_list_end = .

zephyr_dbg_info
 *(SORT_BY_ALIGNMENT(.dbg_thread_info))

symbol_to_keep  0x0000000010005de4        0x0
                0x0000000010005de4                __symbol_to_keep_start = .
 *(SORT_BY_NAME(SORT_BY_ALIGNMENT(.symbol_to_keep*)))
                0x0000000010005de4                __symbol_to_keep_end = .

shell_area      0x0000000010005de4        0x0
                0x0000000010005de4                _shell_list_start = .
 *(SORT_BY_NAME(SORT_BY_ALIGNMENT(._shell.static.*)))
                0x0000000010005de4                _shell_list_end = .

shell_root_cmds_area
                0x0000000010005de4        0x0
                0x0000000010005de4                _shell_root_cmds_list_start = .
 *(SORT_BY_NAME(SORT_BY_ALIGNMENT(._shell_root_cmds.static.*)))
                0x0000000010005de4                _shell_root_cmds_list_end = .

shell_subcmds_area
                0x0000000010005de4        0x0
                0x0000000010005de4                _shell_subcmds_list_start = .
 *(SORT_BY_NAME(SORT_BY_ALIGNMENT(._shell_subcmds.static.*)))
                0x0000000010005de4                _shell_subcmds_list_end = .

shell_dynamic_subcmds_area
                0x0000000010005de4        0x0
                0x0000000010005de4                _shell_dynamic_subcmds_list_start = .
 *(SORT_BY_NAME(SORT_BY_ALIGNMENT(._shell_dynamic_subcmds.static.*)))
                0x0000000010005de4                _shell_dynamic_subcmds_list_end = .

cfb_font_area   0x0000000010005de4        0x0
                0x0000000010005de4                _cfb_font_list_start = .
 *(SORT_BY_NAME(SORT_BY_ALIGNMENT(._cfb_font.static.*)))
                0x0000000010005de4                _cfb_font_list_end = .

tdata           0x0000000010005de4        0x0
 *(SORT_BY_ALIGNMENT(.tdata) SORT_BY_ALIGNMENT(.tdata.*) SORT_BY_ALIGNMENT(.gnu.linkonce.td.*))

tbss            0x0000000010005de4        0x4
 *(SORT_BY_ALIGNMENT(.tbss) SORT_BY_ALIGNMENT(.tbss.*) SORT_BY_ALIGNMENT(.gnu.linkonce.tb.*) SORT_BY_ALIGNMENT(.tcommon))
 .tbss.z_tls_current
                0x0000000010005de4        0x4 zephyr/libzephyr.a(thread_entry.c.obj)
                0x0000000010005de4                z_tls_current
                0x0000000010005de4                PROVIDE (__tdata_start = LOADADDR (tdata))
                0x0000000000000000                PROVIDE (__tdata_size = SIZEOF (tdata))
                [!provide]                        PROVIDE (__tdata_end = (__tdata_start + __tdata_size))
                0x0000000000000001                PROVIDE (__tdata_align = ALIGNOF (tdata))
                [!provide]                        PROVIDE (__tbss_start = ADDR (tbss))
                0x0000000000000004                PROVIDE (__tbss_size = SIZEOF (tbss))
                [!provide]                        PROVIDE (__tbss_end = (__tbss_start + __tbss_size))
                0x0000000000000004                PROVIDE (__tbss_align = ALIGNOF (tbss))
                [!provide]                        PROVIDE (__tls_start = __tdata_start)
                [!provide]                        PROVIDE (__tls_end = __tbss_end)
                [!provide]                        PROVIDE (__tls_size = (__tbss_end - __tdata_start))

rodata          0x0000000010005de4      0x7d8
 *(SORT_BY_ALIGNMENT(.rodata))
 .rodata        0x0000000010005de4       0x22 zephyr/drivers/clock_control/libdrivers__clock_control.a(clock_control_rpi_pico.c.obj)
 *(SORT_BY_ALIGNMENT(.rodata.*))
 *fill*         0x0000000010005e06        0x2 
 .rodata.mpsc_config
                0x0000000010005e08       0x14 zephyr/libzephyr.a(log_core.c.obj)
 .rodata.format_table
                0x0000000010005e1c       0x10 zephyr/libzephyr.a(log_core.c.obj)
 .rodata.colors
                0x0000000010005e2c       0x14 zephyr/libzephyr.a(log_output.c.obj)
 .rodata.severity
                0x0000000010005e40       0x14 zephyr/libzephyr.a(log_output.c.obj)
 .rodata.lbu_cb_ctx
                0x0000000010005e54        0x8 zephyr/libzephyr.a(log_backend_uart.c.obj)
 .rodata.lbu_output
                0x0000000010005e5c       0x10 zephyr/libzephyr.a(log_backend_uart.c.obj)
 .rodata.log_backend_uart_api
                0x0000000010005e6c       0x1c zephyr/libzephyr.a(log_backend_uart.c.obj)
                0x0000000010005e6c                log_backend_uart_api
 .rodata.clock_control_rpi_pico_config
                0x0000000010005e88       0xf0 zephyr/drivers/clock_control/libdrivers__clock_control.a(clock_control_rpi_pico.c.obj)
 .rodata.__pinctrl_dev_config__device_dts_ord_26
                0x0000000010005f78        0x8 zephyr/drivers/clock_control/libdrivers__clock_control.a(clock_control_rpi_pico.c.obj)
 .rodata.__pinctrl_states__device_dts_ord_26
                0x0000000010005f80        0x8 zephyr/drivers/clock_control/libdrivers__clock_control.a(clock_control_rpi_pico.c.obj)
 .rodata.__pinctrl_state_pins_0__device_dts_ord_26
                0x0000000010005f88        0x0 zephyr/drivers/clock_control/libdrivers__clock_control.a(clock_control_rpi_pico.c.obj)
 .rodata.clock_control_rpi_pico_api
                0x0000000010005f88       0x1c zephyr/drivers/clock_control/libdrivers__clock_control.a(clock_control_rpi_pico.c.obj)
 .rodata.gpio_rpi_0_config
                0x0000000010005fa4        0x8 zephyr/drivers/gpio/libdrivers__gpio.a(gpio_rpi_pico.c.obj)
 .rodata.gpio_rpi_driver_api
                0x0000000010005fac       0x24 zephyr/drivers/gpio/libdrivers__gpio.a(gpio_rpi_pico.c.obj)
 .rodata.reset_rpi_config_0
                0x0000000010005fd0        0xc zephyr/drivers/reset/libdrivers__reset.a(reset_rpi_pico.c.obj)
 .rodata.reset_rpi_driver_api
                0x0000000010005fdc       0x10 zephyr/drivers/reset/libdrivers__reset.a(reset_rpi_pico.c.obj)
 .rodata.uart0_rpi_config
                0x0000000010005fec       0x1c zephyr/drivers/serial/libdrivers__serial.a(uart_rpi_pico.c.obj)
 .rodata.__pinctrl_dev_config__device_dts_ord_64
                0x0000000010006008        0x8 zephyr/drivers/serial/libdrivers__serial.a(uart_rpi_pico.c.obj)
 .rodata.__pinctrl_states__device_dts_ord_64
                0x0000000010006010        0x8 zephyr/drivers/serial/libdrivers__serial.a(uart_rpi_pico.c.obj)
 .rodata.__pinctrl_state_pins_0__device_dts_ord_64
                0x0000000010006018        0x8 zephyr/drivers/serial/libdrivers__serial.a(uart_rpi_pico.c.obj)
 .rodata.uart_rpi_driver_api
                0x0000000010006020       0x4c zephyr/drivers/serial/libdrivers__serial.a(uart_rpi_pico.c.obj)
 .rodata.CSWTCH.481
                0x000000001000606c       0x14 zephyr/kernel/libkernel.a(fatal.c.obj)
 .rodata.levels.0
                0x0000000010006080       0x18 zephyr/kernel/libkernel.a(init.c.obj)
 .rodata.main.str1.1
                0x0000000010006098       0x93 app/libapp.a(main.c.obj)
 .rodata.str1.1
                0x000000001000612b        0x7 app/libapp.a(main.c.obj)
 .rodata.cbprintf_package_convert.str1.1
                0x0000000010006132       0xa3 zephyr/libzephyr.a(cbprintf_packaged.c.obj)
 .rodata.str1.1
                0x00000000100061d5       0x11 zephyr/libzephyr.a(cbprintf_packaged.c.obj)
 .rodata.enable_logger.str1.1
                0x00000000100061e6        0x8 zephyr/libzephyr.a(log_core.c.obj)
 .rodata.str1.1
                0x00000000100061ee        0x4 zephyr/libzephyr.a(log_core.c.obj)
 .rodata.str1.1
                0x00000000100061f2        0x9 zephyr/libzephyr.a(log_mgmt.c.obj)
 .rodata.z_impl_z_log_msg_static_create.str1.1
                0x00000000100061fb       0x3f zephyr/libzephyr.a(log_msg.c.obj)
 .rodata.newline_print.str1.1
                0x000000001000623a        0x3 zephyr/libzephyr.a(log_output.c.obj)
                                          0x5 (size before relaxing)
 .rodata.log_output_process.str1.1
                0x000000001000623d       0x4c zephyr/libzephyr.a(log_output.c.obj)
                                         0x51 (size before relaxing)
 .rodata.log_output_dropped_process.str1.1
                0x0000000010006289       0x4c zephyr/libzephyr.a(log_output.c.obj)
                                          0x3 (size before relaxing)
 .rodata.postfix.0
                0x0000000010006289       0x1c zephyr/libzephyr.a(log_output.c.obj)
 .rodata.prefix.1
                0x00000000100062a5        0xc zephyr/libzephyr.a(log_output.c.obj)
 .rodata.str1.1
                0x00000000100062b1       0x20 zephyr/libzephyr.a(log_output.c.obj)
 .rodata.str1.1
                0x00000000100062d1       0x1a zephyr/libzephyr.a(log_backend_uart.c.obj)
 .rodata.z_arm_fatal_error.str1.1
                0x00000000100062eb       0x9b zephyr/arch/arch/arm/core/libarch__arm__core.a(fatal.c.obj)
 .rodata.z_arm_fault.str1.1
                0x0000000010006386       0x9f zephyr/arch/arch/arm/core/cortex_m/libarch__arm__core__cortex_m.a(fault.c.obj)
 .rodata.str1.1
                0x0000000010006425        0x4 zephyr/soc/soc/arm/rpi_pico/rp2/libsoc__arm__rpi_pico__rp2.a(soc.c.obj)
 .rodata.table.0
                0x0000000010006429        0x6 zephyr/drivers/clock_control/libdrivers__clock_control.a(clock_control_rpi_pico.c.obj)
 .rodata.table.1
                0x000000001000642f        0x7 zephyr/drivers/clock_control/libdrivers__clock_control.a(clock_control_rpi_pico.c.obj)
 .rodata.table.2
                0x0000000010006436        0x6 zephyr/drivers/clock_control/libdrivers__clock_control.a(clock_control_rpi_pico.c.obj)
 .rodata.table.3
                0x000000001000643c        0x3 zephyr/drivers/clock_control/libdrivers__clock_control.a(clock_control_rpi_pico.c.obj)
 .rodata.table.4
                0x000000001000643f        0xb zephyr/drivers/clock_control/libdrivers__clock_control.a(clock_control_rpi_pico.c.obj)
 .rodata.str1.1
                0x000000001000644a       0x1a zephyr/drivers/clock_control/libdrivers__clock_control.a(clock_control_rpi_pico.c.obj)
 .rodata.str1.1
                0x0000000010006464        0xe zephyr/drivers/gpio/libdrivers__gpio.a(gpio_rpi_pico.c.obj)
 .rodata.str1.1
                0x0000000010006472       0x1a zephyr/drivers/reset/libdrivers__reset.a(reset_rpi_pico.c.obj)
 .rodata.str1.1
                0x000000001000648c        0xe zephyr/drivers/serial/libdrivers__serial.a(uart_rpi_pico.c.obj)
 .rodata.k_sys_fatal_error_handler.str1.1
                0x000000001000649a        0xf zephyr/kernel/libkernel.a(fatal.c.obj)
 .rodata.z_fatal_error.str1.1
                0x00000000100064a9       0x77 zephyr/kernel/libkernel.a(fatal.c.obj)
 .rodata.str1.1
                0x0000000010006520       0x4a zephyr/kernel/libkernel.a(fatal.c.obj)
 .rodata.z_cstart.str1.1
                0x000000001000656a        0x5 zephyr/kernel/libkernel.a(init.c.obj)
 .rodata.str1.1
                0x000000001000656f        0x3 zephyr/kernel/libkernel.a(init.c.obj)
 .rodata.boot_banner.str1.1
                0x0000000010006572       0x38 zephyr/kernel/libkernel.a(banner.c.obj)
 .rodata.__l_vfprintf.str1.1
                0x00000000100065aa        0xf /opt/zephyr-sdk-0.16.5/arm-zephyr-eabi/bin/../lib/gcc/../../picolibc/arm-zephyr-eabi/lib/thumb/v6-m/nofp/libc.a(libc_tinystdio_vflprintf.c.o)
 *(SORT_BY_ALIGNMENT(.gnu.linkonce.r.*))
                0x00000000100065bc                . = ALIGN (0x4)
 *fill*         0x00000000100065b9        0x3 
                0x00000000100065bc                __rodata_region_end = .
                0x00000000100065bc                . = ALIGN (_region_min_align)
                0x00000000100065bc                __rom_region_end = ((__rom_region_start + .) - ADDR (rom_start))

/DISCARD/
 *(SORT_BY_ALIGNMENT(.got.plt))
 *(SORT_BY_ALIGNMENT(.igot.plt))
 *(SORT_BY_ALIGNMENT(.got))
 *(SORT_BY_ALIGNMENT(.igot))
                0x0000000020000000                . = 0x20000000
                0x0000000020000000                . = ALIGN (_region_min_align)
                0x0000000020000000                _image_ram_start = .

.ramfunc        0x0000000020000000        0x0 load address 0x00000000100065bc
                0x0000000020000000                . = ALIGN (_region_min_align)
                0x0000000020000000                __ramfunc_start = .
 *(SORT_BY_ALIGNMENT(.ramfunc))
 *(SORT_BY_ALIGNMENT(.ramfunc.*))
                0x0000000020000000                . = ALIGN (_region_min_align)
                0x0000000020000000                __ramfunc_end = .
                0x0000000000000000                __ramfunc_size = (__ramfunc_end - __ramfunc_start)
                0x00000000100065bc                __ramfunc_load_start = LOADADDR (.ramfunc)

datas           0x0000000020000000       0x40 load address 0x00000000100065bc
                0x0000000020000000                __data_region_start = .
                0x0000000020000000                __data_start = .
 *(SORT_BY_ALIGNMENT(.data))
 *(SORT_BY_ALIGNMENT(.data.*))
 .data._char_out
                0x0000000020000000        0x4 zephyr/libzephyr.a(printk.c.obj)
                0x0000000020000000                _char_out
 .data.timestamp_func
                0x0000000020000004        0x4 zephyr/libzephyr.a(log_core.c.obj)
 .data.backend_cb_log_backend_uart
                0x0000000020000008        0x8 zephyr/libzephyr.a(log_backend_uart.c.obj)
 .data.__stdout
                0x0000000020000010       0x10 zephyr/lib/libc/picolibc/liblib__libc__picolibc.a(libc-hooks.c.obj)
 .data.clock_control_rpi_pico_data
                0x0000000020000020        0x8 zephyr/drivers/clock_control/libdrivers__clock_control.a(clock_control_rpi_pico.c.obj)
 .data.uart0_rpi_data
                0x0000000020000028       0x10 zephyr/drivers/serial/libdrivers__serial.a(uart_rpi_pico.c.obj)
 .data.timeout_list
                0x0000000020000038        0x8 zephyr/kernel/libkernel.a(timeout.c.obj)
 *(SORT_BY_ALIGNMENT(.kernel.*))
                0x0000000020000040                __data_end = .
                0x0000000000000040                __data_size = (__data_end - __data_start)
                0x00000000100065bc                __data_load_start = LOADADDR (datas)
                0x00000000100065bc                __data_region_load_start = LOADADDR (datas)

device_states   0x0000000020000040        0x8 load address 0x00000000100065fc
                0x0000000020000040                __device_states_start = .
 *(SORT_BY_ALIGNMENT(.z_devstate))
 .z_devstate    0x0000000020000040        0x2 zephyr/drivers/clock_control/libdrivers__clock_control.a(clock_control_rpi_pico.c.obj)
 .z_devstate    0x0000000020000042        0x2 zephyr/drivers/gpio/libdrivers__gpio.a(gpio_rpi_pico.c.obj)
 .z_devstate    0x0000000020000044        0x2 zephyr/drivers/reset/libdrivers__reset.a(reset_rpi_pico.c.obj)
 .z_devstate    0x0000000020000046        0x2 zephyr/drivers/serial/libdrivers__serial.a(uart_rpi_pico.c.obj)
 *(SORT_BY_ALIGNMENT(.z_devstate.*))
                0x0000000020000048                __device_states_end = .

log_mpsc_pbuf_area
                0x0000000020000048       0x38 load address 0x0000000010006604
                0x0000000020000048                _log_mpsc_pbuf_list_start = .
 *(SORT_BY_NAME(SORT_BY_ALIGNMENT(._log_mpsc_pbuf.static.*)))
 ._log_mpsc_pbuf.static.log_buffer_
                0x0000000020000048       0x38 zephyr/libzephyr.a(log_core.c.obj)
                0x0000000020000080                _log_mpsc_pbuf_list_end = .

log_msg_ptr_area
                0x0000000020000080        0x4 load address 0x000000001000663c
                0x0000000020000080                _log_msg_ptr_list_start = .
 *(SORT_BY_NAME(SORT_BY_ALIGNMENT(._log_msg_ptr.static.*)))
 ._log_msg_ptr.static.log_msg_ptr_
                0x0000000020000080        0x4 zephyr/libzephyr.a(log_core.c.obj)
                0x0000000020000084                _log_msg_ptr_list_end = .

log_dynamic_area
                0x0000000020000084        0x0 load address 0x0000000010006640
                0x0000000020000084                _log_dynamic_list_start = .
 *(SORT_BY_NAME(SORT_BY_ALIGNMENT(._log_dynamic.static.*)))
                0x0000000020000084                _log_dynamic_list_end = .

k_timer_area    0x0000000020000084        0x0 load address 0x0000000010006640
                0x0000000020000084                _k_timer_list_start = .
 *(SORT_BY_NAME(SORT_BY_ALIGNMENT(._k_timer.static.*)))
                0x0000000020000084                _k_timer_list_end = .

k_mem_slab_area
                0x0000000020000084        0x0 load address 0x0000000010006640
                0x0000000020000084                _k_mem_slab_list_start = .
 *(SORT_BY_NAME(SORT_BY_ALIGNMENT(._k_mem_slab.static.*)))
                0x0000000020000084                _k_mem_slab_list_end = .

k_heap_area     0x0000000020000084        0x0 load address 0x0000000010006640
                0x0000000020000084                _k_heap_list_start = .
 *(SORT_BY_NAME(SORT_BY_ALIGNMENT(._k_heap.static.*)))
                0x0000000020000084                _k_heap_list_end = .

k_mutex_area    0x0000000020000084        0x0 load address 0x0000000010006640
                0x0000000020000084                _k_mutex_list_start = .
 *(SORT_BY_NAME(SORT_BY_ALIGNMENT(._k_mutex.static.*)))
                0x0000000020000084                _k_mutex_list_end = .

k_stack_area    0x0000000020000084        0x0 load address 0x0000000010006640
                0x0000000020000084                _k_stack_list_start = .
 *(SORT_BY_NAME(SORT_BY_ALIGNMENT(._k_stack.static.*)))
                0x0000000020000084                _k_stack_list_end = .

k_msgq_area     0x0000000020000084        0x0 load address 0x0000000010006640
                0x0000000020000084                _k_msgq_list_start = .
 *(SORT_BY_NAME(SORT_BY_ALIGNMENT(._k_msgq.static.*)))
                0x0000000020000084                _k_msgq_list_end = .

k_mbox_area     0x0000000020000084        0x0 load address 0x0000000010006640
                0x0000000020000084                _k_mbox_list_start = .
 *(SORT_BY_NAME(SORT_BY_ALIGNMENT(._k_mbox.static.*)))
                0x0000000020000084                _k_mbox_list_end = .

k_pipe_area     0x0000000020000084        0x0 load address 0x0000000010006640
                0x0000000020000084                _k_pipe_list_start = .
 *(SORT_BY_NAME(SORT_BY_ALIGNMENT(._k_pipe.static.*)))
                0x0000000020000084                _k_pipe_list_end = .

k_sem_area      0x0000000020000084       0x10 load address 0x0000000010006640
                0x0000000020000084                _k_sem_list_start = .
 *(SORT_BY_NAME(SORT_BY_ALIGNMENT(._k_sem.static.*)))
 ._k_sem.static.log_process_thread_sem_
                0x0000000020000084       0x10 zephyr/libzephyr.a(log_core.c.obj)
                0x0000000020000084                log_process_thread_sem
                0x0000000020000094                _k_sem_list_end = .

k_event_area    0x0000000020000094        0x0 load address 0x0000000010006650
                0x0000000020000094                _k_event_list_start = .
 *(SORT_BY_NAME(SORT_BY_ALIGNMENT(._k_event.static.*)))
                0x0000000020000094                _k_event_list_end = .

k_queue_area    0x0000000020000094        0x0 load address 0x0000000010006650
                0x0000000020000094                _k_queue_list_start = .
 *(SORT_BY_NAME(SORT_BY_ALIGNMENT(._k_queue.static.*)))
                0x0000000020000094                _k_queue_list_end = .

k_fifo_area     0x0000000020000094        0x0 load address 0x0000000010006650
                0x0000000020000094                _k_fifo_list_start = .
 *(SORT_BY_NAME(SORT_BY_ALIGNMENT(._k_fifo.static.*)))
                0x0000000020000094                _k_fifo_list_end = .

k_lifo_area     0x0000000020000094        0x0 load address 0x0000000010006650
                0x0000000020000094                _k_lifo_list_start = .
 *(SORT_BY_NAME(SORT_BY_ALIGNMENT(._k_lifo.static.*)))
                0x0000000020000094                _k_lifo_list_end = .

k_condvar_area  0x0000000020000094        0x0 load address 0x0000000010006650
                0x0000000020000094                _k_condvar_list_start = .
 *(SORT_BY_NAME(SORT_BY_ALIGNMENT(._k_condvar.static.*)))
                0x0000000020000094                _k_condvar_list_end = .

sys_mem_blocks_ptr_area
                0x0000000020000094        0x0 load address 0x0000000010006650
                0x0000000020000094                _sys_mem_blocks_ptr_list_start = .
 *(SORT_BY_NAME(SORT_BY_ALIGNMENT(._sys_mem_blocks_ptr.static.*)))
                0x0000000020000094                _sys_mem_blocks_ptr_list_end = .

net_buf_pool_area
                0x0000000020000094        0x0 load address 0x0000000010006650
                0x0000000020000094                _net_buf_pool_list_start = .
 *(SORT_BY_NAME(SORT_BY_ALIGNMENT(._net_buf_pool.static.*)))
                0x0000000020000094                _net_buf_pool_list_end = .
                0x0000000020000094                __data_region_end = .

bss             0x0000000020000098      0x695
                0x0000000020000098                . = ALIGN (0x4)
                0x0000000020000098                __bss_start = .
                0x0000000020000098                __kernel_ram_start = .
 *(SORT_BY_ALIGNMENT(.bss))
 *(SORT_BY_ALIGNMENT(.bss.*))
 .bss.logging_thread
                0x0000000020000098       0x70 zephyr/libzephyr.a(log_core.c.obj)
                0x0000000020000098                logging_thread
 .bss.buf32     0x0000000020000108      0x400 zephyr/libzephyr.a(log_core.c.obj)
 .bss.last_failure_report
                0x0000000020000508        0x8 zephyr/libzephyr.a(log_core.c.obj)
 .bss.log_process_thread_timer
                0x0000000020000510       0x38 zephyr/libzephyr.a(log_core.c.obj)
 .bss.announced_cycles
                0x0000000020000548        0x8 zephyr/drivers/timer/libdrivers__timer.a(cortex_m_systick.c.obj)
 .bss.cycle_count
                0x0000000020000550        0x8 zephyr/drivers/timer/libdrivers__timer.a(cortex_m_systick.c.obj)
 .bss.z_idle_threads
                0x0000000020000558       0x70 zephyr/kernel/libkernel.a(init.c.obj)
                0x0000000020000558                z_idle_threads
 .bss.z_main_thread
                0x00000000200005c8       0x70 zephyr/kernel/libkernel.a(init.c.obj)
                0x00000000200005c8                z_main_thread
 .bss.slice_timeouts
                0x0000000020000638       0x18 zephyr/kernel/libkernel.a(sched.c.obj)
 .bss.curr_tick
                0x0000000020000650        0x8 zephyr/kernel/libkernel.a(timeout.c.obj)
 .bss.curr_log_buffer
                0x0000000020000658        0x4 zephyr/libzephyr.a(log_core.c.obj)
 .bss.proc_tid  0x000000002000065c        0x4 zephyr/libzephyr.a(log_core.c.obj)
 .bss.dropped_cnt
                0x0000000020000660        0x4 zephyr/libzephyr.a(log_core.c.obj)
 .bss.buffered_cnt
                0x0000000020000664        0x4 zephyr/libzephyr.a(log_core.c.obj)
 .bss.initialized
                0x0000000020000668        0x4 zephyr/libzephyr.a(log_core.c.obj)
 .bss.timestamp_div
                0x000000002000066c        0x4 zephyr/libzephyr.a(log_output.c.obj)
 .bss.freq      0x0000000020000670        0x4 zephyr/libzephyr.a(log_output.c.obj)
 .bss.lbu_data  0x0000000020000674       0x18 zephyr/libzephyr.a(log_backend_uart.c.obj)
 .bss.lbu_output_control_block
                0x000000002000068c        0xc zephyr/libzephyr.a(log_backend_uart.c.obj)
 .bss.z_arm_tls_ptr
                0x0000000020000698        0x4 zephyr/arch/arch/arm/core/libarch__arm__core.a(tls.c.obj)
                0x0000000020000698                z_arm_tls_ptr
 .bss._stdout_hook
                0x000000002000069c        0x4 zephyr/lib/libc/picolibc/liblib__libc__picolibc.a(libc-hooks.c.obj)
 .bss.z_malloc_heap
                0x00000000200006a0        0xc zephyr/lib/libc/common/liblib__libc__common.a(malloc.c.obj)
 .bss.gpio_rpi_0_data
                0x00000000200006ac       0x18 zephyr/drivers/gpio/libdrivers__gpio.a(gpio_rpi_pico.c.obj)
 .bss.overflow_cyc
                0x00000000200006c4        0x4 zephyr/drivers/timer/libdrivers__timer.a(cortex_m_systick.c.obj)
 .bss.last_load
                0x00000000200006c8        0x4 zephyr/drivers/timer/libdrivers__timer.a(cortex_m_systick.c.obj)
 .bss.configured_freq
                0x00000000200006cc       0x28 modules/hal_rpi_pico/libmodules__hal_rpi_pico.a(clocks.c.obj)
 .bss._cpus_active
                0x00000000200006f4        0x4 zephyr/kernel/libkernel.a(init.c.obj)
                0x00000000200006f4                _cpus_active
 .bss._kernel   0x00000000200006f8       0x20 zephyr/kernel/libkernel.a(init.c.obj)
                0x00000000200006f8                _kernel
 .bss.pending_current
                0x0000000020000718        0x4 zephyr/kernel/libkernel.a(sched.c.obj)
 .bss.slice_max_prio
                0x000000002000071c        0x4 zephyr/kernel/libkernel.a(sched.c.obj)
 .bss.slice_ticks
                0x0000000020000720        0x4 zephyr/kernel/libkernel.a(sched.c.obj)
 .bss.announce_remaining
                0x0000000020000724        0x4 zephyr/kernel/libkernel.a(timeout.c.obj)
 .bss.backend_attached
                0x0000000020000728        0x1 zephyr/libzephyr.a(log_core.c.obj)
 .bss.panic_mode
                0x0000000020000729        0x1 zephyr/libzephyr.a(log_core.c.obj)
 .bss.lbu_buffer
                0x000000002000072a        0x1 zephyr/libzephyr.a(log_backend_uart.c.obj)
 .bss.z_sys_post_kernel
                0x000000002000072b        0x1 zephyr/kernel/libkernel.a(init.c.obj)
                0x000000002000072b                z_sys_post_kernel
 .bss.slice_expired
                0x000000002000072c        0x1 zephyr/kernel/libkernel.a(sched.c.obj)
 .bss.sched_spinlock
                0x000000002000072d        0x0 zephyr/kernel/libkernel.a(sched.c.obj)
                0x000000002000072d                sched_spinlock
 .bss.lock      0x000000002000072d        0x0 zephyr/kernel/libkernel.a(sem.c.obj)
 *(SORT_BY_ALIGNMENT(COMMON))
 *(SORT_BY_ALIGNMENT(.kernel_bss.*))
                0x0000000020000730                __bss_end = ALIGN (0x4)

noinit          0x0000000020000730     0x1000
 *(SORT_BY_ALIGNMENT(.noinit))
 *(SORT_BY_ALIGNMENT(.noinit.*))
 .noinit."WEST_TOPDIR/zephyr/subsys/logging/log_core.c".0
                0x0000000020000730      0x300 zephyr/libzephyr.a(log_core.c.obj)
                0x0000000020000730                logging_stack
 .noinit."WEST_TOPDIR/zephyr/kernel/init.c".2
                0x0000000020000a30      0x800 zephyr/kernel/libkernel.a(init.c.obj)
                0x0000000020000a30                z_interrupt_stacks
 .noinit."WEST_TOPDIR/zephyr/kernel/init.c".1
                0x0000000020001230      0x100 zephyr/kernel/libkernel.a(init.c.obj)
 .noinit."WEST_TOPDIR/zephyr/kernel/init.c".0
                0x0000000020001330      0x400 zephyr/kernel/libkernel.a(init.c.obj)
                0x0000000020001330                z_main_stack
 *(SORT_BY_ALIGNMENT(.kernel_noinit.*))
                0x0000000020042000                __kernel_ram_end = 0x20042000
                0x0000000000041f68                __kernel_ram_size = (__kernel_ram_end - __kernel_ram_start)

.intList        0x00000000ffff8000       0x28
 *(SORT_BY_ALIGNMENT(.irq_info*))
 .irq_info      0x00000000ffff8000        0x8 zephyr/arch/common/libisr_tables.a(isr_tables.c.obj)
                0x00000000ffff8000                _iheader
 *(SORT_BY_ALIGNMENT(.intList*))
 .intList       0x00000000ffff8008       0x10 zephyr/drivers/gpio/libdrivers__gpio.a(gpio_rpi_pico.c.obj)
 .intList       0x00000000ffff8018       0x10 zephyr/drivers/serial/libdrivers__serial.a(uart_rpi_pico.c.obj)

.last_ram_section
                0x0000000020001730        0x0
                0x0000000020001730                _image_ram_end = .
                0x0000000000001730                _image_ram_size = (_image_ram_end - _image_ram_start)
                0x0000000020001730                _end = .
                0x0000000020001730                z_mapped_end = .

.stab
 *(SORT_BY_ALIGNMENT(.stab))

.stabstr
 *(SORT_BY_ALIGNMENT(.stabstr))

.stab.excl
 *(SORT_BY_ALIGNMENT(.stab.excl))

.stab.exclstr
 *(SORT_BY_ALIGNMENT(.stab.exclstr))

.stab.index
 *(SORT_BY_ALIGNMENT(.stab.index))

.stab.indexstr
 *(SORT_BY_ALIGNMENT(.stab.indexstr))

.gnu.build.attributes
 *(SORT_BY_ALIGNMENT(.gnu.build.attributes) SORT_BY_ALIGNMENT(.gnu.build.attributes.*))

.comment        0x0000000000000000       0x20
 *(SORT_BY_ALIGNMENT(.comment))
 .comment       0x0000000000000000       0x20 zephyr/CMakeFiles/offsets.dir/./arch/arm/core/offsets/offsets.c.obj
                                         0x21 (size before relaxing)
 .comment       0x0000000000000020       0x21 app/libapp.a(main.c.obj)
 .comment       0x0000000000000020       0x21 zephyr/libzephyr.a(heap.c.obj)
 .comment       0x0000000000000020       0x21 zephyr/libzephyr.a(cbprintf_packaged.c.obj)
 .comment       0x0000000000000020       0x21 zephyr/libzephyr.a(printk.c.obj)
 .comment       0x0000000000000020       0x21 zephyr/libzephyr.a(thread_entry.c.obj)
 .comment       0x0000000000000020       0x21 zephyr/libzephyr.a(mpsc_pbuf.c.obj)
 .comment       0x0000000000000020       0x21 zephyr/libzephyr.a(configs.c.obj)
 .comment       0x0000000000000020       0x21 zephyr/libzephyr.a(log_core.c.obj)
 .comment       0x0000000000000020       0x21 zephyr/libzephyr.a(log_mgmt.c.obj)
 .comment       0x0000000000000020       0x21 zephyr/libzephyr.a(log_msg.c.obj)
 .comment       0x0000000000000020       0x21 zephyr/libzephyr.a(log_output.c.obj)
 .comment       0x0000000000000020       0x21 zephyr/libzephyr.a(log_backend_uart.c.obj)
 .comment       0x0000000000000020       0x21 zephyr/arch/arch/arm/core/libarch__arm__core.a(fatal.c.obj)
 .comment       0x0000000000000020       0x21 zephyr/arch/arch/arm/core/libarch__arm__core.a(nmi.c.obj)
 .comment       0x0000000000000020       0x21 zephyr/arch/arch/arm/core/libarch__arm__core.a(tls.c.obj)